Archive member included because of file (symbol)

c:/program files (x86)/gnu tools arm embedded/4.8 2014q3/bin/../lib/gcc/arm-none-eabi/4.8.4/../../../../arm-none-eabi/lib/armv7e-m/fpu\libm.a(lib_a-wf_pow.o)
                              ..\obj\sensor.o (powf)
c:/program files (x86)/gnu tools arm embedded/4.8 2014q3/bin/../lib/gcc/arm-none-eabi/4.8.4/../../../../arm-none-eabi/lib/armv7e-m/fpu\libm.a(lib_a-ef_pow.o)
                              c:/program files (x86)/gnu tools arm embedded/4.8 2014q3/bin/../lib/gcc/arm-none-eabi/4.8.4/../../../../arm-none-eabi/lib/armv7e-m/fpu\libm.a(lib_a-wf_pow.o) (__ieee754_powf)
c:/program files (x86)/gnu tools arm embedded/4.8 2014q3/bin/../lib/gcc/arm-none-eabi/4.8.4/../../../../arm-none-eabi/lib/armv7e-m/fpu\libm.a(lib_a-ef_sqrt.o)
                              c:/program files (x86)/gnu tools arm embedded/4.8 2014q3/bin/../lib/gcc/arm-none-eabi/4.8.4/../../../../arm-none-eabi/lib/armv7e-m/fpu\libm.a(lib_a-ef_pow.o) (__ieee754_sqrtf)
c:/program files (x86)/gnu tools arm embedded/4.8 2014q3/bin/../lib/gcc/arm-none-eabi/4.8.4/../../../../arm-none-eabi/lib/armv7e-m/fpu\libm.a(lib_a-s_lib_ver.o)
                              c:/program files (x86)/gnu tools arm embedded/4.8 2014q3/bin/../lib/gcc/arm-none-eabi/4.8.4/../../../../arm-none-eabi/lib/armv7e-m/fpu\libm.a(lib_a-wf_pow.o) (__fdlib_version)
c:/program files (x86)/gnu tools arm embedded/4.8 2014q3/bin/../lib/gcc/arm-none-eabi/4.8.4/../../../../arm-none-eabi/lib/armv7e-m/fpu\libm.a(lib_a-s_matherr.o)
                              c:/program files (x86)/gnu tools arm embedded/4.8 2014q3/bin/../lib/gcc/arm-none-eabi/4.8.4/../../../../arm-none-eabi/lib/armv7e-m/fpu\libm.a(lib_a-wf_pow.o) (matherr)
c:/program files (x86)/gnu tools arm embedded/4.8 2014q3/bin/../lib/gcc/arm-none-eabi/4.8.4/../../../../arm-none-eabi/lib/armv7e-m/fpu\libm.a(lib_a-s_rint.o)
                              c:/program files (x86)/gnu tools arm embedded/4.8 2014q3/bin/../lib/gcc/arm-none-eabi/4.8.4/../../../../arm-none-eabi/lib/armv7e-m/fpu\libm.a(lib_a-wf_pow.o) (rint)
c:/program files (x86)/gnu tools arm embedded/4.8 2014q3/bin/../lib/gcc/arm-none-eabi/4.8.4/../../../../arm-none-eabi/lib/armv7e-m/fpu\libm.a(lib_a-sf_fabs.o)
                              c:/program files (x86)/gnu tools arm embedded/4.8 2014q3/bin/../lib/gcc/arm-none-eabi/4.8.4/../../../../arm-none-eabi/lib/armv7e-m/fpu\libm.a(lib_a-ef_pow.o) (fabsf)
c:/program files (x86)/gnu tools arm embedded/4.8 2014q3/bin/../lib/gcc/arm-none-eabi/4.8.4/../../../../arm-none-eabi/lib/armv7e-m/fpu\libm.a(lib_a-sf_finite.o)
                              c:/program files (x86)/gnu tools arm embedded/4.8 2014q3/bin/../lib/gcc/arm-none-eabi/4.8.4/../../../../arm-none-eabi/lib/armv7e-m/fpu\libm.a(lib_a-wf_pow.o) (finitef)
c:/program files (x86)/gnu tools arm embedded/4.8 2014q3/bin/../lib/gcc/arm-none-eabi/4.8.4/../../../../arm-none-eabi/lib/armv7e-m/fpu\libm.a(lib_a-sf_fpclassify.o)
                              c:/program files (x86)/gnu tools arm embedded/4.8 2014q3/bin/../lib/gcc/arm-none-eabi/4.8.4/../../../../arm-none-eabi/lib/armv7e-m/fpu\libm.a(lib_a-wf_pow.o) (__fpclassifyf)
c:/program files (x86)/gnu tools arm embedded/4.8 2014q3/bin/../lib/gcc/arm-none-eabi/4.8.4/../../../../arm-none-eabi/lib/armv7e-m/fpu\libm.a(lib_a-sf_nan.o)
                              c:/program files (x86)/gnu tools arm embedded/4.8 2014q3/bin/../lib/gcc/arm-none-eabi/4.8.4/../../../../arm-none-eabi/lib/armv7e-m/fpu\libm.a(lib_a-ef_pow.o) (nanf)
c:/program files (x86)/gnu tools arm embedded/4.8 2014q3/bin/../lib/gcc/arm-none-eabi/4.8.4/../../../../arm-none-eabi/lib/armv7e-m/fpu\libm.a(lib_a-sf_scalbn.o)
                              c:/program files (x86)/gnu tools arm embedded/4.8 2014q3/bin/../lib/gcc/arm-none-eabi/4.8.4/../../../../arm-none-eabi/lib/armv7e-m/fpu\libm.a(lib_a-ef_pow.o) (scalbnf)
c:/program files (x86)/gnu tools arm embedded/4.8 2014q3/bin/../lib/gcc/arm-none-eabi/4.8.4/../../../../arm-none-eabi/lib/armv7e-m/fpu\libm.a(lib_a-sf_copysign.o)
                              c:/program files (x86)/gnu tools arm embedded/4.8 2014q3/bin/../lib/gcc/arm-none-eabi/4.8.4/../../../../arm-none-eabi/lib/armv7e-m/fpu\libm.a(lib_a-sf_scalbn.o) (copysignf)
c:/program files (x86)/gnu tools arm embedded/4.8 2014q3/bin/../lib/gcc/arm-none-eabi/4.8.4/armv7e-m/fpu\libgcc.a(_arm_addsubdf3.o)
                              ..\obj\sensor.o (__aeabi_dsub)
c:/program files (x86)/gnu tools arm embedded/4.8 2014q3/bin/../lib/gcc/arm-none-eabi/4.8.4/armv7e-m/fpu\libgcc.a(_arm_muldivdf3.o)
                              ..\obj\sensor.o (__aeabi_dmul)
c:/program files (x86)/gnu tools arm embedded/4.8 2014q3/bin/../lib/gcc/arm-none-eabi/4.8.4/armv7e-m/fpu\libgcc.a(_arm_cmpdf2.o)
                              c:/program files (x86)/gnu tools arm embedded/4.8 2014q3/bin/../lib/gcc/arm-none-eabi/4.8.4/../../../../arm-none-eabi/lib/armv7e-m/fpu\libm.a(lib_a-wf_pow.o) (__aeabi_dcmpeq)
[...]
Memory Configuration

Name             Origin             Length             Attributes
rom              0x08000000         0x00100000         xr
ram              0x20000000         0x00020000         xrw
ram1             0x10000000         0x00010000         xrw
*default*        0x00000000         0xffffffff

Linker script and memory map

                0x20020000                _eram = 0x20020000

.text           0x08000000     0x9ba4
 *(.isr_vector)
 .isr_vector    0x08000000      0x188 ..\obj\startup_stm32f4xx.o
                0x08000000                g_pfnVectors
 *(.text*)
 .text.SYSCFG_EXTILineConfig
                0x08000188       0x7c ..\obj\stm32f4xx_syscfg.o
                0x08000188                SYSCFG_EXTILineConfig
 .text.algo     0x08000204      0x178 ..\obj\algo.o
                0x08000204                algo
 .text.floodFill
                0x0800037c      0x7e4 ..\obj\algo.o
                0x0800037c                floodFill
 .text.mazeRun  0x08000b60      0x15c ..\obj\algo.o
                0x08000b60                mazeRun
 .text.mazeInit
                0x08000cbc      0x10c ..\obj\algo.o
                0x08000cbc                mazeInit
 .text.mazeReflect
                0x08000dc8      0x154 ..\obj\algo.o
                0x08000dc8                mazeReflect
 .text.algoRight
                0x08000f1c       0x2c ..\obj\algo.o
                0x08000f1c                algoRight
 .text.algoLeft
                0x08000f48       0x2c ..\obj\algo.o
                0x08000f48                algoLeft
 .text.algoBack
                0x08000f74       0x2c ..\obj\algo.o
                0x08000f74                algoBack
 .text.algoStraight
                0x08000fa0       0x20 ..\obj\algo.o
                0x08000fa0                algoStraight
 .text.printMaze
                0x08000fc0       0xa4 ..\obj\algo.o
                0x08000fc0                printMaze
 .text.NVIC_SetPriority
                0x08001064       0x54 ..\obj\delay.o
 .text.SysTick_Config
                0x080010b8       0x44 ..\obj\delay.o
 .text.Systick_Configuration
                0x080010fc       0x4c ..\obj\delay.o
                0x080010fc                Systick_Configuration
 .text.micros   0x08001148       0x44 ..\obj\delay.o
                0x08001148                micros
 .text.delay_ms
                0x0800118c       0x30 ..\obj\delay.o
                0x0800118c                delay_ms
 .text.elapseMicros
                0x080011bc       0x24 ..\obj\delay.o
                0x080011bc                elapseMicros
 .text.button_Configuration
                0x080011e0       0x78 ..\obj\button.o
                0x080011e0                button_Configuration
 .text.buzzer_Configuration
                0x08001258       0xa0 ..\obj\buzzer.o
                0x08001258                buzzer_Configuration
 .text.shortBeep
                0x080012f8       0x28 ..\obj\buzzer.o
                0x080012f8                shortBeep
 .text.USART_Init
                0x08001320      0x174 ..\obj\stm32f4xx_usart.o
                0x08001320                USART_Init
 .text.USART_Cmd
                0x08001494       0x40 ..\obj\stm32f4xx_usart.o
                0x08001494                USART_Cmd
 .text.USART_OverSampling8Cmd
                0x080014d4       0x44 ..\obj\stm32f4xx_usart.o
                0x080014d4                USART_OverSampling8Cmd
 .text.USART_SendData
                0x08001518       0x24 ..\obj\stm32f4xx_usart.o
                0x08001518                USART_SendData
 .text.USART_ITConfig
                0x0800153c       0x90 ..\obj\stm32f4xx_usart.o
                0x0800153c                USART_ITConfig
 .text.USART_GetFlagStatus
                0x080015cc       0x38 ..\obj\stm32f4xx_usart.o
                0x080015cc                USART_GetFlagStatus
 .text.USART_GetITStatus
                0x08001604       0xb0 ..\obj\stm32f4xx_usart.o
                0x08001604                USART_GetITStatus
 .text.LED_Configuration
                0x080016b4       0xc4 ..\obj\led.o
                0x080016b4                LED_Configuration
 .text.TIM4_GPIO_Config
                0x08001778       0x60 ..\obj\pwm.o
                0x08001778                TIM4_GPIO_Config
 .text.TIM4_Configuration
                0x080017d8       0xc0 ..\obj\pwm.o
                0x080017d8                TIM4_Configuration
 .text.setLeftPwm
                0x08001898       0x58 ..\obj\pwm.o
                0x08001898                setLeftPwm
 .text.setRightPwm
                0x080018f0       0x58 ..\obj\pwm.o
                0x080018f0                setRightPwm
 .text.Default_Reset_Handler
                0x08001948       0x70 ..\obj\startup_stm32f4xx.o
                0x08001948                Default_Reset_Handler
                0x08001948                Reset_Handler
 .text.Default_Handler
                0x080019b8        0x8 ..\obj\startup_stm32f4xx.o
                0x080019b8                RTC_Alarm_IRQHandler
                0x080019b8                HASH_RNG_IRQHandler
                0x080019b8                EXTI2_IRQHandler
                0x080019b8                TIM8_CC_IRQHandler
                0x080019b8                TIM1_CC_IRQHandler
                0x080019b8                DMA2_Stream5_IRQHandler
                0x080019b8                DMA1_Stream5_IRQHandler
                0x080019b8                PVD_IRQHandler
                0x080019b8                SDIO_IRQHandler
                0x080019b8                TAMP_STAMP_IRQHandler
                0x080019b8                CAN2_RX1_IRQHandler
                0x080019b8                EXTI3_IRQHandler
                0x080019b8                TIM8_TRG_COM_TIM14_IRQHandler
                0x080019b8                TIM1_UP_TIM10_IRQHandler
                0x080019b8                TIM8_UP_TIM13_IRQHandler
                0x080019b8                I2C3_ER_IRQHandler
                0x080019b8                EXTI0_IRQHandler
                0x080019b8                I2C2_EV_IRQHandler
                0x080019b8                DMA1_Stream2_IRQHandler
                0x080019b8                CAN1_RX0_IRQHandler
                0x080019b8                FPU_IRQHandler
                0x080019b8                OTG_HS_WKUP_IRQHandler
                0x080019b8                CAN2_SCE_IRQHandler
                0x080019b8                DMA2_Stream2_IRQHandler
                0x080019b8                SPI1_IRQHandler
                0x080019b8                TIM6_DAC_IRQHandler
                0x080019b8                TIM1_BRK_TIM9_IRQHandler
                0x080019b8                DCMI_IRQHandler
                0x080019b8                CAN2_RX0_IRQHandler
                0x080019b8                DMA2_Stream3_IRQHandler
                0x080019b8                USART6_IRQHandler
                0x080019b8                USART3_IRQHandler
                0x080019b8                CRYP_IRQHandler
                0x080019b8                CAN1_RX1_IRQHandler
                0x080019b8                UART5_IRQHandler
                0x080019b8                DMA2_Stream0_IRQHandler
                0x080019b8                TIM4_IRQHandler
                0x080019b8                I2C1_EV_IRQHandler
                0x080019b8                DMA1_Stream6_IRQHandler
                0x080019b8                DMA1_Stream1_IRQHandler
                0x080019b8                UART4_IRQHandler
                0x080019b8                TIM3_IRQHandler
                0x080019b8                RCC_IRQHandler
                0x080019b8                TIM8_BRK_TIM12_IRQHandler
                0x080019b8                ADC_IRQHandler
                0x080019b8                DMA1_Stream7_IRQHandler
                0x080019b8                TIM7_IRQHandler
                0x080019b8                CAN2_TX_IRQHandler
                0x080019b8                TIM5_IRQHandler
                0x080019b8                DMA2_Stream7_IRQHandler
                0x080019b8                I2C3_EV_IRQHandler
                0x080019b8                EXTI9_5_IRQHandler
                0x080019b8                RTC_WKUP_IRQHandler
                0x080019b8                ETH_WKUP_IRQHandler
                0x080019b8                SPI2_IRQHandler
                0x080019b8                OTG_HS_EP1_IN_IRQHandler
                0x080019b8                DMA1_Stream0_IRQHandler
                0x080019b8                CAN1_TX_IRQHandler
                0x080019b8                EXTI4_IRQHandler
                0x080019b8                FSMC_IRQHandler
                0x080019b8                ETH_IRQHandler
                0x080019b8                OTG_HS_EP1_OUT_IRQHandler
                0x080019b8                WWDG_IRQHandler
                0x080019b8                TIM2_IRQHandler
                0x080019b8                OTG_FS_WKUP_IRQHandler
                0x080019b8                TIM1_TRG_COM_TIM11_IRQHandler
                0x080019b8                OTG_HS_IRQHandler
                0x080019b8                EXTI1_IRQHandler
                0x080019b8                USART2_IRQHandler
                0x080019b8                I2C2_ER_IRQHandler
                0x080019b8                DMA2_Stream1_IRQHandler
                0x080019b8                CAN1_SCE_IRQHandler
                0x080019b8                FLASH_IRQHandler
                0x080019b8                DMA2_Stream4_IRQHandler
                0x080019b8                OTG_FS_IRQHandler
                0x080019b8                SPI3_IRQHandler
                0x080019b8                DMA1_Stream4_IRQHandler
                0x080019b8                I2C1_ER_IRQHandler
                0x080019b8                DMA2_Stream6_IRQHandler
                0x080019b8                DMA1_Stream3_IRQHandler
 .text.systick  0x080019c0        0xc ..\obj\main.o
                0x080019c0                systick
 .text.main     0x080019cc      0x120 ..\obj\main.o
                0x080019cc                main
 .text.button_Interrupt
                0x08001aec       0x18 ..\obj\main.o
                0x08001aec                button_Interrupt
 .text.RCC_GetClocksFreq
                0x08001b04      0x154 ..\obj\stm32f4xx_rcc.o
                0x08001b04                RCC_GetClocksFreq
 .text.RCC_AHB1PeriphClockCmd
                0x08001c58       0x3c ..\obj\stm32f4xx_rcc.o
                0x08001c58                RCC_AHB1PeriphClockCmd
 .text.RCC_APB1PeriphClockCmd
                0x08001c94       0x3c ..\obj\stm32f4xx_rcc.o
                0x08001c94                RCC_APB1PeriphClockCmd
 .text.RCC_APB2PeriphClockCmd
                0x08001cd0       0x3c ..\obj\stm32f4xx_rcc.o
                0x08001cd0                RCC_APB2PeriphClockCmd
 .text.NMI_Handler
                0x08001d0c        0xc ..\obj\stm32f4xx_it.o
                0x08001d0c                NMI_Handler
 .text.HardFault_Handler
                0x08001d18        0x8 ..\obj\stm32f4xx_it.o
                0x08001d18                HardFault_Handler
 .text.MemManage_Handler
                0x08001d20        0x8 ..\obj\stm32f4xx_it.o
                0x08001d20                MemManage_Handler
 .text.BusFault_Handler
                0x08001d28        0x8 ..\obj\stm32f4xx_it.o
                0x08001d28                BusFault_Handler
 .text.UsageFault_Handler
                0x08001d30        0x8 ..\obj\stm32f4xx_it.o
                0x08001d30                UsageFault_Handler
 .text.SVC_Handler
                0x08001d38        0xc ..\obj\stm32f4xx_it.o
                0x08001d38                SVC_Handler
 .text.DebugMon_Handler
                0x08001d44        0xc ..\obj\stm32f4xx_it.o
                0x08001d44                DebugMon_Handler
 .text.PendSV_Handler
                0x08001d50        0xc ..\obj\stm32f4xx_it.o
                0x08001d50                PendSV_Handler
 .text.SysTick_Handler
                0x08001d5c       0x3c ..\obj\stm32f4xx_it.o
                0x08001d5c                SysTick_Handler
 .text.EXTI15_10_IRQHandler
                0x08001d98       0x28 ..\obj\stm32f4xx_it.o
                0x08001d98                EXTI15_10_IRQHandler
 .text.readSensor
                0x08001dc0      0x590 ..\obj\sensor.o
                0x08001dc0                readSensor
 .text.readGyro
                0x08002350       0xb8 ..\obj\sensor.o
                0x08002350                readGyro
 .text.readVol  0x08002408       0x44 ..\obj\sensor.o
                0x08002408                readVol
 .text.lowBatCheck
                0x0800244c      0x140 ..\obj\sensor.o
                0x0800244c                lowBatCheck
 .text.ADC_Init
                0x0800258c       0xa8 ..\obj\stm32f4xx_adc.o
                0x0800258c                ADC_Init
 .text.ADC_CommonInit
                0x08002634       0x50 ..\obj\stm32f4xx_adc.o
                0x08002634                ADC_CommonInit
 .text.ADC_Cmd  0x08002684       0x38 ..\obj\stm32f4xx_adc.o
                0x08002684                ADC_Cmd
 .text.ADC_RegularChannelConfig
                0x080026bc      0x188 ..\obj\stm32f4xx_adc.o
                0x080026bc                ADC_RegularChannelConfig
 .text.ADC_SoftwareStartConv
                0x08002844       0x20 ..\obj\stm32f4xx_adc.o
                0x08002844                ADC_SoftwareStartConv
 .text.ADC_GetConversionValue
                0x08002864       0x1c ..\obj\stm32f4xx_adc.o
                0x08002864                ADC_GetConversionValue
 .text.ADC_ITConfig
                0x08002880       0x50 ..\obj\stm32f4xx_adc.o
                0x08002880                ADC_ITConfig
 .text.ADC_GetFlagStatus
                0x080028d0       0x34 ..\obj\stm32f4xx_adc.o
                0x080028d0                ADC_GetFlagStatus
 .text.Encoder_Configration
                0x08002904       0xb0 ..\obj\encoder.o
                0x08002904                Encoder_Configration
 .text.getRightEncCount
                0x080029b4       0x18 ..\obj\encoder.o
                0x080029b4                getRightEncCount
 .text.resetRightEncCount
                0x080029cc       0x18 ..\obj\encoder.o
                0x080029cc                resetRightEncCount
 .text.getLeftEncCount
                0x080029e4       0x18 ..\obj\encoder.o
                0x080029e4                getLeftEncCount
 .text.resetLeftEncCount
                0x080029fc       0x14 ..\obj\encoder.o
                0x080029fc                resetLeftEncCount
 .text.GPIO_Init
                0x08002a10      0x11c ..\obj\stm32f4xx_gpio.o
                0x08002a10                GPIO_Init
 .text.GPIO_SetBits
                0x08002b2c       0x1c ..\obj\stm32f4xx_gpio.o
                0x08002b2c                GPIO_SetBits
 .text.GPIO_ResetBits
                0x08002b48       0x1c ..\obj\stm32f4xx_gpio.o
                0x08002b48                GPIO_ResetBits
 .text.GPIO_PinAFConfig
                0x08002b64       0x8c ..\obj\stm32f4xx_gpio.o
                0x08002b64                GPIO_PinAFConfig
 .text.SystemInit
                0x08002bf0       0x68 ..\obj\system_stm32f4xx.o
                0x08002bf0                SystemInit
 .text.SystemCoreClockUpdate
                0x08002c58       0xf8 ..\obj\system_stm32f4xx.o
                0x08002c58                SystemCoreClockUpdate
 .text.SetSysClock
                0x08002d50       0xa4 ..\obj\system_stm32f4xx.o
 .text._sbrk    0x08002df4       0x40 ..\obj\syscalls.o
                0x08002df4                _sbrk
 .text.ADC_Configuration
                0x08002e34       0xc0 ..\obj\adc.o
                0x08002e34                ADC_Configuration
 .text.readADC  0x08002ef4       0x44 ..\obj\adc.o
                0x08002ef4                readADC
 .text.remove   0x08002f38       0x34 ..\obj\stack.o
                0x08002f38                remove
 .text.push     0x08002f6c       0x4c ..\obj\stack.o
                0x08002f6c                push
 .text.EXTI_Init
                0x08002fb8       0xdc ..\obj\stm32f4xx_exti.o
                0x08002fb8                EXTI_Init
 .text.EXTI_GetITStatus
                0x08003094       0x34 ..\obj\stm32f4xx_exti.o
                0x08003094                EXTI_GetITStatus
 .text.EXTI_ClearITPendingBit
                0x080030c8       0x1c ..\obj\stm32f4xx_exti.o
                0x080030c8                EXTI_ClearITPendingBit
 .text.NVIC_PriorityGroupConfig
                0x080030e4       0x24 ..\obj\misc.o
                0x080030e4                NVIC_PriorityGroupConfig
 .text.NVIC_Init
                0x08003108       0xbc ..\obj\misc.o
                0x08003108                NVIC_Init
 .text.speedProfile
                0x080031c4      0x1e0 ..\obj\controller.o
                0x080031c4                speedProfile
 *fill*         0x080033a4        0x4 
 .text.getEncoderStatus
                0x080033a8      0x128 ..\obj\controller.o
                0x080033a8                getEncoderStatus
 .text.updateCurrentSpeed
                0x080034d0      0x1b4 ..\obj\controller.o
                0x080034d0                updateCurrentSpeed
 .text.calculateMotorPwm
                0x08003684      0x178 ..\obj\controller.o
                0x08003684                calculateMotorPwm
 .text.getSensorError
                0x080037fc      0x114 ..\obj\controller.o
                0x080037fc                getSensorError
 .text.center   0x08003910       0x2c ..\obj\controller.o
                0x08003910                center
 .text.turnRight
                0x0800393c       0x30 ..\obj\controller.o
                0x0800393c                turnRight
 .text.turnLeft
                0x0800396c       0x2c ..\obj\controller.o
                0x0800396c                turnLeft
 .text.turnBack
                0x08003998       0x2c ..\obj\controller.o
                0x08003998                turnBack
 .text.goStraight
                0x080039c4       0x38 ..\obj\controller.o
                0x080039c4                goStraight
 .text.TIM_TimeBaseInit
                0x080039fc       0xd4 ..\obj\stm32f4xx_tim.o
                0x080039fc                TIM_TimeBaseInit
 .text.TIM_SetAutoreload
                0x08003ad0       0x1c ..\obj\stm32f4xx_tim.o
                0x08003ad0                TIM_SetAutoreload
 .text.TIM_ARRPreloadConfig
                0x08003aec       0x40 ..\obj\stm32f4xx_tim.o
                0x08003aec                TIM_ARRPreloadConfig
 .text.TIM_Cmd  0x08003b2c       0x40 ..\obj\stm32f4xx_tim.o
                0x08003b2c                TIM_Cmd
 .text.TIM_OC1Init
                0x08003b6c       0xf4 ..\obj\stm32f4xx_tim.o
                0x08003b6c                TIM_OC1Init
 .text.TIM_OC2Init
                0x08003c60      0x110 ..\obj\stm32f4xx_tim.o
                0x08003c60                TIM_OC2Init
 .text.TIM_OC3Init
                0x08003d70      0x10c ..\obj\stm32f4xx_tim.o
                0x08003d70                TIM_OC3Init
 .text.TIM_OC4Init
                0x08003e7c       0xcc ..\obj\stm32f4xx_tim.o
                0x08003e7c                TIM_OC4Init
 .text.TIM_OC1PreloadConfig
                0x08003f48       0x38 ..\obj\stm32f4xx_tim.o
                0x08003f48                TIM_OC1PreloadConfig
 .text.TIM_OC2PreloadConfig
                0x08003f80       0x3c ..\obj\stm32f4xx_tim.o
                0x08003f80                TIM_OC2PreloadConfig
 .text.TIM_OC3PreloadConfig
                0x08003fbc       0x38 ..\obj\stm32f4xx_tim.o
                0x08003fbc                TIM_OC3PreloadConfig
 .text.TIM_OC4PreloadConfig
                0x08003ff4       0x3c ..\obj\stm32f4xx_tim.o
                0x08003ff4                TIM_OC4PreloadConfig
 .text.TIM_EncoderInterfaceConfig
                0x08004030       0x8c ..\obj\stm32f4xx_tim.o
                0x08004030                TIM_EncoderInterfaceConfig
 .text.usart1_Configuration
                0x080040bc       0xb8 ..\obj\usart.o
                0x080040bc                usart1_Configuration
 .text.USART_puts
                0x08004174       0x44 ..\obj\usart.o
                0x08004174                USART_puts
 .text.USART1_IRQHandler
                0x080041b8       0x9c ..\obj\usart.o
                0x080041b8                USART1_IRQHandler
 .text.powf     0x08004254      0x348 c:/program files (x86)/gnu tools arm embedded/4.8 2014q3/bin/../lib/gcc/arm-none-eabi/4.8.4/../../../../arm-none-eabi/lib/armv7e-m/fpu\libm.a(lib_a-wf_pow.o)
                0x08004254                powf
 .text.__ieee754_powf
                0x0800459c      0x5c8 c:/program files (x86)/gnu tools arm embedded/4.8 2014q3/bin/../lib/gcc/arm-none-eabi/4.8.4/../../../../arm-none-eabi/lib/armv7e-m/fpu\libm.a(lib_a-ef_pow.o)
                0x0800459c                __ieee754_powf
 .text.__ieee754_sqrtf
                0x08004b64       0xa4 c:/program files (x86)/gnu tools arm embedded/4.8 2014q3/bin/../lib/gcc/arm-none-eabi/4.8.4/../../../../arm-none-eabi/lib/armv7e-m/fpu\libm.a(lib_a-ef_sqrt.o)
                0x08004b64                __ieee754_sqrtf
 .text.matherr  0x08004c08        0x4 c:/program files (x86)/gnu tools arm embedded/4.8 2014q3/bin/../lib/gcc/arm-none-eabi/4.8.4/../../../../arm-none-eabi/lib/armv7e-m/fpu\libm.a(lib_a-s_matherr.o)
                0x08004c08                matherr
 .text.rint     0x08004c0c      0x120 c:/program files (x86)/gnu tools arm embedded/4.8 2014q3/bin/../lib/gcc/arm-none-eabi/4.8.4/../../../../arm-none-eabi/lib/armv7e-m/fpu\libm.a(lib_a-s_rint.o)
                0x08004c0c                rint
 .text.fabsf    0x08004d2c       0x10 c:/program files (x86)/gnu tools arm embedded/4.8 2014q3/bin/../lib/gcc/arm-none-eabi/4.8.4/../../../../arm-none-eabi/lib/armv7e-m/fpu\libm.a(lib_a-sf_fabs.o)
                0x08004d2c                fabsf
 .text.finitef  0x08004d3c       0x14 c:/program files (x86)/gnu tools arm embedded/4.8 2014q3/bin/../lib/gcc/arm-none-eabi/4.8.4/../../../../arm-none-eabi/lib/armv7e-m/fpu\libm.a(lib_a-sf_finite.o)
                0x08004d3c                finitef
 .text.__fpclassifyf
                0x08004d50       0x38 c:/program files (x86)/gnu tools arm embedded/4.8 2014q3/bin/../lib/gcc/arm-none-eabi/4.8.4/../../../../arm-none-eabi/lib/armv7e-m/fpu\libm.a(lib_a-sf_fpclassify.o)
                0x08004d50                __fpclassifyf
 .text.nanf     0x08004d88        0xc c:/program files (x86)/gnu tools arm embedded/4.8 2014q3/bin/../lib/gcc/arm-none-eabi/4.8.4/../../../../arm-none-eabi/lib/armv7e-m/fpu\libm.a(lib_a-sf_nan.o)
                0x08004d88                nanf
 .text.scalbnf  0x08004d94       0xd8 c:/program files (x86)/gnu tools arm embedded/4.8 2014q3/bin/../lib/gcc/arm-none-eabi/4.8.4/../../../../arm-none-eabi/lib/armv7e-m/fpu\libm.a(lib_a-sf_scalbn.o)
                0x08004d94                scalbnf
 .text.copysignf
                0x08004e6c       0x18 c:/program files (x86)/gnu tools arm embedded/4.8 2014q3/bin/../lib/gcc/arm-none-eabi/4.8.4/../../../../arm-none-eabi/lib/armv7e-m/fpu\libm.a(lib_a-sf_copysign.o)
                0x08004e6c                copysignf
 .text          0x08004e84      0x370 c:/program files (x86)/gnu tools arm embedded/4.8 2014q3/bin/../lib/gcc/arm-none-eabi/4.8.4/armv7e-m/fpu\libgcc.a(_arm_addsubdf3.o)
                0x08004e84                __aeabi_drsub
                0x08004e8c                __aeabi_dsub
                0x08004e8c                __subdf3
                0x08004e90                __aeabi_dadd
                0x08004e90                __adddf3
                0x08005108                __floatunsidf
                0x08005108                __aeabi_ui2d
                0x08005128                __floatsidf
                0x08005128                __aeabi_i2d
                0x0800514c                __aeabi_f2d
                0x0800514c                __extendsfdf2
                0x08005188                __floatundidf
                0x08005188                __aeabi_ul2d
                0x08005198                __floatdidf
                0x08005198                __aeabi_l2d
 .text          0x080051f4      0x424 c:/program files (x86)/gnu tools arm embedded/4.8 2014q3/bin/../lib/gcc/arm-none-eabi/4.8.4/armv7e-m/fpu\libgcc.a(_arm_muldivdf3.o)
                0x080051f4                __aeabi_dmul
                0x080051f4                __muldf3
                0x08005448                __divdf3
                0x08005448                __aeabi_ddiv
 .text          0x08005618      0x110 c:/program files (x86)/gnu tools arm embedded/4.8 2014q3/bin/../lib/gcc/arm-none-eabi/4.8.4/armv7e-m/fpu\libgcc.a(_arm_cmpdf2.o)
                0x08005618                __gtdf2
                0x08005618                __gedf2
                0x08005620                __ltdf2
                0x08005620                __ledf2
                0x08005628                __nedf2
                0x08005628                __eqdf2
                0x08005628                __cmpdf2
                0x080056a4                __aeabi_cdrcmple
                0x080056b4                __aeabi_cdcmpeq
                0x080056b4                __aeabi_cdcmple
                0x080056c4                __aeabi_dcmpeq
                0x080056d8                __aeabi_dcmplt
                0x080056ec                __aeabi_dcmple
                0x08005700                __aeabi_dcmpge
                0x08005714                __aeabi_dcmpgt
 .text          0x08005728       0x50 c:/program files (x86)/gnu tools arm embedded/4.8 2014q3/bin/../lib/gcc/arm-none-eabi/4.8.4/armv7e-m/fpu\libgcc.a(_arm_fixdfsi.o)
                0x08005728                __aeabi_d2iz
                0x08005728                __fixdfsi
 .text          0x08005778       0x40 c:/program files (x86)/gnu tools arm embedded/4.8 2014q3/bin/../lib/gcc/arm-none-eabi/4.8.4/armv7e-m/fpu\libgcc.a(_arm_fixunsdfsi.o)
                0x08005778                __aeabi_d2uiz
                0x08005778                __fixunsdfsi
 .text          0x080057b8       0xa0 c:/program files (x86)/gnu tools arm embedded/4.8 2014q3/bin/../lib/gcc/arm-none-eabi/4.8.4/armv7e-m/fpu\libgcc.a(_arm_truncdfsf2.o)
                0x080057b8                __truncdfsf2
                0x080057b8                __aeabi_d2f
 .text.__errno  0x08005858        0xc c:/program files (x86)/gnu tools arm embedded/4.8 2014q3/bin/../lib/gcc/arm-none-eabi/4.8.4/../../../../arm-none-eabi/lib/armv7e-m/fpu\libc.a(lib_a-errno.o)
                0x08005858                __errno
 .text.malloc   0x08005864       0x10 c:/program files (x86)/gnu tools arm embedded/4.8 2014q3/bin/../lib/gcc/arm-none-eabi/4.8.4/../../../../arm-none-eabi/lib/armv7e-m/fpu\libc.a(lib_a-malloc.o)
                0x08005864                malloc
 .text.free     0x08005874       0x10 c:/program files (x86)/gnu tools arm embedded/4.8 2014q3/bin/../lib/gcc/arm-none-eabi/4.8.4/../../../../arm-none-eabi/lib/armv7e-m/fpu\libc.a(lib_a-malloc.o)
                0x08005874                free
 .text._malloc_r
                0x08005884      0x538 c:/program files (x86)/gnu tools arm embedded/4.8 2014q3/bin/../lib/gcc/arm-none-eabi/4.8.4/../../../../arm-none-eabi/lib/armv7e-m/fpu\libc.a(lib_a-mallocr.o)
                0x08005884                _malloc_r
 .text.__malloc_lock
                0x08005dbc        0x4 c:/program files (x86)/gnu tools arm embedded/4.8 2014q3/bin/../lib/gcc/arm-none-eabi/4.8.4/../../../../arm-none-eabi/lib/armv7e-m/fpu\libc.a(lib_a-mlock.o)
                0x08005dbc                __malloc_lock
 .text.__malloc_unlock
                0x08005dc0        0x4 c:/program files (x86)/gnu tools arm embedded/4.8 2014q3/bin/../lib/gcc/arm-none-eabi/4.8.4/../../../../arm-none-eabi/lib/armv7e-m/fpu\libc.a(lib_a-mlock.o)
                0x08005dc0                __malloc_unlock
 .text._sbrk_r  0x08005dc4       0x24 c:/program files (x86)/gnu tools arm embedded/4.8 2014q3/bin/../lib/gcc/arm-none-eabi/4.8.4/../../../../arm-none-eabi/lib/armv7e-m/fpu\libc.a(lib_a-sbrkr.o)
                0x08005dc4                _sbrk_r
 .text.sprintf  0x08005de8       0x4c c:/program files (x86)/gnu tools arm embedded/4.8 2014q3/bin/../lib/gcc/arm-none-eabi/4.8.4/../../../../arm-none-eabi/lib/armv7e-m/fpu\libc.a(lib_a-sprintf.o)
                0x08005de8                sprintf
 *fill*         0x08005e34        0x4 
 .text._svfprintf_r
                0x08005e38     0x14f0 c:/program files (x86)/gnu tools arm embedded/4.8 2014q3/bin/../lib/gcc/arm-none-eabi/4.8.4/../../../../arm-none-eabi/lib/armv7e-m/fpu\libc.a(lib_a-svfprintf.o)
                0x08005e38                _svfprintf_r
 .text.quorem   0x08007328      0x130 c:/program files (x86)/gnu tools arm embedded/4.8 2014q3/bin/../lib/gcc/arm-none-eabi/4.8.4/../../../../arm-none-eabi/lib/armv7e-m/fpu\libc.a(lib_a-dtoa.o)
 .text._dtoa_r  0x08007458      0xe58 c:/program files (x86)/gnu tools arm embedded/4.8 2014q3/bin/../lib/gcc/arm-none-eabi/4.8.4/../../../../arm-none-eabi/lib/armv7e-m/fpu\libc.a(lib_a-dtoa.o)
                0x08007458                _dtoa_r
 .text._malloc_trim_r
                0x080082b0       0x9c c:/program files (x86)/gnu tools arm embedded/4.8 2014q3/bin/../lib/gcc/arm-none-eabi/4.8.4/../../../../arm-none-eabi/lib/armv7e-m/fpu\libc.a(lib_a-freer.o)
                0x080082b0                _malloc_trim_r
 .text._free_r  0x0800834c      0x19c c:/program files (x86)/gnu tools arm embedded/4.8 2014q3/bin/../lib/gcc/arm-none-eabi/4.8.4/../../../../arm-none-eabi/lib/armv7e-m/fpu\libc.a(lib_a-freer.o)
                0x0800834c                _free_r
 .text._localeconv_r
                0x080084e8        0x8 c:/program files (x86)/gnu tools arm embedded/4.8 2014q3/bin/../lib/gcc/arm-none-eabi/4.8.4/../../../../arm-none-eabi/lib/armv7e-m/fpu\libc.a(lib_a-locale.o)
                0x080084e8                _localeconv_r
 .text.memchr   0x080084f0       0x90 c:/program files (x86)/gnu tools arm embedded/4.8 2014q3/bin/../lib/gcc/arm-none-eabi/4.8.4/../../../../arm-none-eabi/lib/armv7e-m/fpu\libc.a(lib_a-memchr-stub.o)
                0x080084f0                memchr
 .text          0x08008580      0x134 c:/program files (x86)/gnu tools arm embedded/4.8 2014q3/bin/../lib/gcc/arm-none-eabi/4.8.4/../../../../arm-none-eabi/lib/armv7e-m/fpu\libc.a(lib_a-memcpy.o)
                0x08008580                memcpy
 .text._Balloc  0x080086b4       0x4c c:/program files (x86)/gnu tools arm embedded/4.8 2014q3/bin/../lib/gcc/arm-none-eabi/4.8.4/../../../../arm-none-eabi/lib/armv7e-m/fpu\libc.a(lib_a-mprec.o)
                0x080086b4                _Balloc
 .text._Bfree   0x08008700       0x14 c:/program files (x86)/gnu tools arm embedded/4.8 2014q3/bin/../lib/gcc/arm-none-eabi/4.8.4/../../../../arm-none-eabi/lib/armv7e-m/fpu\libc.a(lib_a-mprec.o)
                0x08008700                _Bfree
 .text.__multadd
                0x08008714       0x98 c:/program files (x86)/gnu tools arm embedded/4.8 2014q3/bin/../lib/gcc/arm-none-eabi/4.8.4/../../../../arm-none-eabi/lib/armv7e-m/fpu\libc.a(lib_a-mprec.o)
                0x08008714                __multadd
 .text.__hi0bits
                0x080087ac       0x40 c:/program files (x86)/gnu tools arm embedded/4.8 2014q3/bin/../lib/gcc/arm-none-eabi/4.8.4/../../../../arm-none-eabi/lib/armv7e-m/fpu\libc.a(lib_a-mprec.o)
                0x080087ac                __hi0bits
 .text.__lo0bits
                0x080087ec       0x5c c:/program files (x86)/gnu tools arm embedded/4.8 2014q3/bin/../lib/gcc/arm-none-eabi/4.8.4/../../../../arm-none-eabi/lib/armv7e-m/fpu\libc.a(lib_a-mprec.o)
                0x080087ec                __lo0bits
 .text.__i2b    0x08008848       0x14 c:/program files (x86)/gnu tools arm embedded/4.8 2014q3/bin/../lib/gcc/arm-none-eabi/4.8.4/../../../../arm-none-eabi/lib/armv7e-m/fpu\libc.a(lib_a-mprec.o)
                0x08008848                __i2b
 .text.__multiply
                0x0800885c      0x13c c:/program files (x86)/gnu tools arm embedded/4.8 2014q3/bin/../lib/gcc/arm-none-eabi/4.8.4/../../../../arm-none-eabi/lib/armv7e-m/fpu\libc.a(lib_a-mprec.o)
                0x0800885c                __multiply
 .text.__pow5mult
                0x08008998       0x9c c:/program files (x86)/gnu tools arm embedded/4.8 2014q3/bin/../lib/gcc/arm-none-eabi/4.8.4/../../../../arm-none-eabi/lib/armv7e-m/fpu\libc.a(lib_a-mprec.o)
                0x08008998                __pow5mult
 .text.__lshift
                0x08008a34       0xbc c:/program files (x86)/gnu tools arm embedded/4.8 2014q3/bin/../lib/gcc/arm-none-eabi/4.8.4/../../../../arm-none-eabi/lib/armv7e-m/fpu\libc.a(lib_a-mprec.o)
                0x08008a34                __lshift
 .text.__mcmp   0x08008af0       0x48 c:/program files (x86)/gnu tools arm embedded/4.8 2014q3/bin/../lib/gcc/arm-none-eabi/4.8.4/../../../../arm-none-eabi/lib/armv7e-m/fpu\libc.a(lib_a-mprec.o)
                0x08008af0                __mcmp
 .text.__mdiff  0x08008b38       0xd4 c:/program files (x86)/gnu tools arm embedded/4.8 2014q3/bin/../lib/gcc/arm-none-eabi/4.8.4/../../../../arm-none-eabi/lib/armv7e-m/fpu\libc.a(lib_a-mprec.o)
                0x08008b38                __mdiff
 .text.__d2b    0x08008c0c       0xb4 c:/program files (x86)/gnu tools arm embedded/4.8 2014q3/bin/../lib/gcc/arm-none-eabi/4.8.4/../../../../arm-none-eabi/lib/armv7e-m/fpu\libc.a(lib_a-mprec.o)
                0x08008c0c                __d2b
 .text.__fpclassifyd
                0x08008cc0       0x54 c:/program files (x86)/gnu tools arm embedded/4.8 2014q3/bin/../lib/gcc/arm-none-eabi/4.8.4/../../../../arm-none-eabi/lib/armv7e-m/fpu\libc.a(lib_a-s_fpclassify.o)
                0x08008cc0                __fpclassifyd
 .text.strlen   0x08008d14       0x60 c:/program files (x86)/gnu tools arm embedded/4.8 2014q3/bin/../lib/gcc/arm-none-eabi/4.8.4/../../../../arm-none-eabi/lib/armv7e-m/fpu\libc.a(lib_a-strlen.o)
                0x08008d14                strlen
 .text.__ssprint_r
                0x08008d74      0x100 c:/program files (x86)/gnu tools arm embedded/4.8 2014q3/bin/../lib/gcc/arm-none-eabi/4.8.4/../../../../arm-none-eabi/lib/armv7e-m/fpu\libc.a(lib_a-svfiprintf.o)
                0x08008d74                __ssprint_r
 .text._calloc_r
                0x08008e74       0x60 c:/program files (x86)/gnu tools arm embedded/4.8 2014q3/bin/../lib/gcc/arm-none-eabi/4.8.4/../../../../arm-none-eabi/lib/armv7e-m/fpu\libc.a(lib_a-callocr.o)
                0x08008e74                _calloc_r
 .text.memmove  0x08008ed4       0xc0 c:/program files (x86)/gnu tools arm embedded/4.8 2014q3/bin/../lib/gcc/arm-none-eabi/4.8.4/../../../../arm-none-eabi/lib/armv7e-m/fpu\libc.a(lib_a-memmove.o)
                0x08008ed4                memmove
 .text.memset   0x08008f94       0x94 c:/program files (x86)/gnu tools arm embedded/4.8 2014q3/bin/../lib/gcc/arm-none-eabi/4.8.4/../../../../arm-none-eabi/lib/armv7e-m/fpu\libc.a(lib_a-memset.o)
                0x08008f94                memset
 .text._realloc_r
                0x08009028      0x3cc c:/program files (x86)/gnu tools arm embedded/4.8 2014q3/bin/../lib/gcc/arm-none-eabi/4.8.4/../../../../arm-none-eabi/lib/armv7e-m/fpu\libc.a(lib_a-reallocr.o)
                0x08009028                _realloc_r
 .text          0x080093f4       0x2c c:/program files (x86)/gnu tools arm embedded/4.8 2014q3/bin/../lib/gcc/arm-none-eabi/4.8.4/armv7e-m/fpu\libgcc.a(_aeabi_uldivmod.o)
                0x080093f4                __aeabi_uldivmod
 .text          0x08009420       0x60 c:/program files (x86)/gnu tools arm embedded/4.8 2014q3/bin/../lib/gcc/arm-none-eabi/4.8.4/armv7e-m/fpu\libgcc.a(bpabi.o)
                0x08009420                __gnu_ldivmod_helper
                0x08009450                __gnu_uldivmod_helper
 .text          0x08009480        0x4 c:/program files (x86)/gnu tools arm embedded/4.8 2014q3/bin/../lib/gcc/arm-none-eabi/4.8.4/armv7e-m/fpu\libgcc.a(_dvmd_tls.o)
                0x08009480                __aeabi_idiv0
                0x08009480                __aeabi_ldiv0
 .text          0x08009484      0x298 c:/program files (x86)/gnu tools arm embedded/4.8 2014q3/bin/../lib/gcc/arm-none-eabi/4.8.4/armv7e-m/fpu\libgcc.a(_divdi3.o)
                0x08009484                __divdi3
 .text          0x0800971c      0x284 c:/program files (x86)/gnu tools arm embedded/4.8 2014q3/bin/../lib/gcc/arm-none-eabi/4.8.4/armv7e-m/fpu\libgcc.a(_udivdi3.o)
                0x0800971c                __udivdi3
 *(.init)
 *(.fini)
 *crtbegin.o(.ctors)
 *crtbegin?.o(.ctors)
 *(EXCLUDE_FILE(*crtend.o *crtend?.o) .ctors)
 *(SORT(.ctors.*))
 *(.ctors)
 *crtbegin.o(.dtors)
 *crtbegin?.o(.dtors)
 *(EXCLUDE_FILE(*crtend.o *crtend?.o) .dtors)
 *(SORT(.dtors.*))
 *(.dtors)
 *(.rodata*)
 .rodata        0x080099a0       0x18 ..\obj\algo.o
 .rodata        0x080099b8       0x20 ..\obj\main.o
 .rodata        0x080099d8       0x14 ..\obj\sensor.o
 .rodata.str1.4
                0x080099ec        0x5 c:/program files (x86)/gnu tools arm embedded/4.8 2014q3/bin/../lib/gcc/arm-none-eabi/4.8.4/../../../../arm-none-eabi/lib/armv7e-m/fpu\libm.a(lib_a-wf_pow.o)
                                  0x8 (size before relaxing)
 *fill*         0x080099f1        0x3 
 .rodata.dp_h   0x080099f4        0x8 c:/program files (x86)/gnu tools arm embedded/4.8 2014q3/bin/../lib/gcc/arm-none-eabi/4.8.4/../../../../arm-none-eabi/lib/armv7e-m/fpu\libm.a(lib_a-ef_pow.o)
 .rodata.dp_l   0x080099fc        0x8 c:/program files (x86)/gnu tools arm embedded/4.8 2014q3/bin/../lib/gcc/arm-none-eabi/4.8.4/../../../../arm-none-eabi/lib/armv7e-m/fpu\libm.a(lib_a-ef_pow.o)
 .rodata.bp     0x08009a04        0x8 c:/program files (x86)/gnu tools arm embedded/4.8 2014q3/bin/../lib/gcc/arm-none-eabi/4.8.4/../../../../arm-none-eabi/lib/armv7e-m/fpu\libm.a(lib_a-ef_pow.o)
 .rodata.str1.4
                0x00000000        0x5 c:/program files (x86)/gnu tools arm embedded/4.8 2014q3/bin/../lib/gcc/arm-none-eabi/4.8.4/../../../../arm-none-eabi/lib/armv7e-m/fpu\libm.a(lib_a-ef_pow.o)
                                  0x4 (size before relaxing)
 *fill*         0x08009a0c        0x4 
 .rodata.TWO52  0x08009a10       0x10 c:/program files (x86)/gnu tools arm embedded/4.8 2014q3/bin/../lib/gcc/arm-none-eabi/4.8.4/../../../../arm-none-eabi/lib/armv7e-m/fpu\libm.a(lib_a-s_rint.o)
 .rodata.str1.4
                0x08009a20        0x2 c:/program files (x86)/gnu tools arm embedded/4.8 2014q3/bin/../lib/gcc/arm-none-eabi/4.8.4/../../../../arm-none-eabi/lib/armv7e-m/fpu\libc.a(lib_a-impure.o)
                                  0x4 (size before relaxing)
 *fill*         0x08009a22        0x2 
 .rodata.zeroes.6763
                0x08009a24       0x10 c:/program files (x86)/gnu tools arm embedded/4.8 2014q3/bin/../lib/gcc/arm-none-eabi/4.8.4/../../../../arm-none-eabi/lib/armv7e-m/fpu\libc.a(lib_a-svfprintf.o)
 .rodata.str1.4
                0x08009a34       0x42 c:/program files (x86)/gnu tools arm embedded/4.8 2014q3/bin/../lib/gcc/arm-none-eabi/4.8.4/../../../../arm-none-eabi/lib/armv7e-m/fpu\libc.a(lib_a-svfprintf.o)
                                 0x44 (size before relaxing)
 *fill*         0x08009a76        0x2 
 .rodata.blanks.6762
                0x08009a78       0x10 c:/program files (x86)/gnu tools arm embedded/4.8 2014q3/bin/../lib/gcc/arm-none-eabi/4.8.4/../../../../arm-none-eabi/lib/armv7e-m/fpu\libc.a(lib_a-svfprintf.o)
 .rodata.str1.4
                0x08009a88       0x10 c:/program files (x86)/gnu tools arm embedded/4.8 2014q3/bin/../lib/gcc/arm-none-eabi/4.8.4/../../../../arm-none-eabi/lib/armv7e-m/fpu\libc.a(lib_a-dtoa.o)
                                 0x14 (size before relaxing)
 .rodata.str1.4
                0x08009a98        0xc c:/program files (x86)/gnu tools arm embedded/4.8 2014q3/bin/../lib/gcc/arm-none-eabi/4.8.4/../../../../arm-none-eabi/lib/armv7e-m/fpu\libc.a(lib_a-locale.o)
                                 0x14 (size before relaxing)
 *fill*         0x08009aa4        0x4 
 .rodata.__mprec_tens
                0x08009aa8       0xc8 c:/program files (x86)/gnu tools arm embedded/4.8 2014q3/bin/../lib/gcc/arm-none-eabi/4.8.4/../../../../arm-none-eabi/lib/armv7e-m/fpu\libc.a(lib_a-mprec.o)
                0x08009aa8                __mprec_tens
 .rodata.__mprec_bigtens
                0x08009b70       0x28 c:/program files (x86)/gnu tools arm embedded/4.8 2014q3/bin/../lib/gcc/arm-none-eabi/4.8.4/../../../../arm-none-eabi/lib/armv7e-m/fpu\libc.a(lib_a-mprec.o)
                0x08009b70                __mprec_bigtens
 .rodata.p05.5269
                0x08009b98        0xc c:/program files (x86)/gnu tools arm embedded/4.8 2014q3/bin/../lib/gcc/arm-none-eabi/4.8.4/../../../../arm-none-eabi/lib/armv7e-m/fpu\libc.a(lib_a-mprec.o)
 *(.eh_fram e*)

.glue_7         0x08009ba4        0x0
 .glue_7        0x00000000        0x0 linker stubs

.glue_7t        0x08009ba4        0x0
 .glue_7t       0x00000000        0x0 linker stubs

.vfp11_veneer   0x08009ba4        0x0
 .vfp11_veneer  0x00000000        0x0 linker stubs

.v4_bx          0x08009ba4        0x0
 .v4_bx         0x00000000        0x0 linker stubs

.iplt           0x08009ba4        0x0
 .iplt          0x00000000        0x0 ..\obj\stm32f4xx_syscfg.o

.ARM.extab
 *(.ARM.extab* .gnu.linkonce.armextab.*)
                0x08009ba4                __exidx_start = .

.ARM.exidx      0x08009ba4        0x8
 *(.ARM.exidx* .gnu.linkonce.armexidx.*)
 .ARM.exidx     0x08009ba4        0x8 c:/program files (x86)/gnu tools arm embedded/4.8 2014q3/bin/../lib/gcc/arm-none-eabi/4.8.4/armv7e-m/fpu\libgcc.a(_divdi3.o)
 .ARM.exidx     0x08009bac        0x0 c:/program files (x86)/gnu tools arm embedded/4.8 2014q3/bin/../lib/gcc/arm-none-eabi/4.8.4/armv7e-m/fpu\libgcc.a(_udivdi3.o)
                                  0x8 (size before relaxing)
                0x08009bac                __exidx_end = .
                0x08009bac                __etext = .
                0x08009bac                _sidata = __etext

.rel.dyn        0x08009bac        0x0
 .rel.iplt      0x00000000        0x0 ..\obj\stm32f4xx_syscfg.o

.data           0x20000000      0x944 load address 0x08009bac
                0x20000000                __data_start__ = .
                0x20000000                _sdata = __data_start__
 *(vtable)
 *(.data*)
 .data          0x20000000       0x8c ..\obj\algo.o
                0x20000000                ROAD
                0x20000040                WALL
                0x20000080                dir
                0x20000084                neighbourVal
 .data          0x2000008c        0x1 ..\obj\main.o
                0x2000008c                start
 *fill*         0x2000008d        0x3 
 .data          0x20000090       0x10 ..\obj\stm32f4xx_rcc.o
 .data          0x200000a0       0x14 ..\obj\system_stm32f4xx.o
                0x200000a0                SystemCoreClock
                0x200000a4                AHBPrescTable
 .data          0x200000b4       0x14 ..\obj\controller.o
                0x200000b4                accX
                0x200000b8                decX
                0x200000bc                accW
                0x200000c0                decW
                0x200000c4                kpX
                0x200000c5                kdX
                0x200000c6                kpW
                0x200000c7                kdW
 .data.__fdlib_version
                0x200000c8        0x1 c:/program files (x86)/gnu tools arm embedded/4.8 2014q3/bin/../lib/gcc/arm-none-eabi/4.8.4/../../../../arm-none-eabi/lib/armv7e-m/fpu\libm.a(lib_a-s_lib_ver.o)
                0x200000c8                __fdlib_version
 *fill*         0x200000c9        0x7 
 .data.impure_data
                0x200000d0      0x428 c:/program files (x86)/gnu tools arm embedded/4.8 2014q3/bin/../lib/gcc/arm-none-eabi/4.8.4/../../../../arm-none-eabi/lib/armv7e-m/fpu\libc.a(lib_a-impure.o)
 .data._impure_ptr
                0x200004f8        0x4 c:/program files (x86)/gnu tools arm embedded/4.8 2014q3/bin/../lib/gcc/arm-none-eabi/4.8.4/../../../../arm-none-eabi/lib/armv7e-m/fpu\libc.a(lib_a-impure.o)
                0x200004f8                _impure_ptr
 .data.__malloc_av_
                0x200004fc      0x408 c:/program files (x86)/gnu tools arm embedded/4.8 2014q3/bin/../lib/gcc/arm-none-eabi/4.8.4/../../../../arm-none-eabi/lib/armv7e-m/fpu\libc.a(lib_a-mallocr.o)
                0x200004fc                __malloc_av_
 .data.__malloc_trim_threshold
                0x20000904        0x4 c:/program files (x86)/gnu tools arm embedded/4.8 2014q3/bin/../lib/gcc/arm-none-eabi/4.8.4/../../../../arm-none-eabi/lib/armv7e-m/fpu\libc.a(lib_a-mallocr.o)
                0x20000904                __malloc_trim_threshold
 .data.__malloc_sbrk_base
                0x20000908        0x4 c:/program files (x86)/gnu tools arm embedded/4.8 2014q3/bin/../lib/gcc/arm-none-eabi/4.8.4/../../../../arm-none-eabi/lib/armv7e-m/fpu\libc.a(lib_a-mallocr.o)
                0x20000908                __malloc_sbrk_base
 .data.lconv    0x2000090c       0x38 c:/program files (x86)/gnu tools arm embedded/4.8 2014q3/bin/../lib/gcc/arm-none-eabi/4.8.4/../../../../arm-none-eabi/lib/armv7e-m/fpu\libc.a(lib_a-locale.o)
                0x20000944                . = ALIGN (0x4)
                0x20000944                PROVIDE (__preinit_array_start, .)
 *(.preinit_array)
                0x20000944                PROVIDE (__preinit_array_end, .)
                0x20000944                . = ALIGN (0x4)
                0x20000944                PROVIDE (__init_array_start, .)
 *(SORT(.init_array.*))
 *(.init_array)
                0x20000944                PROVIDE (__init_array_end, .)
                0x20000944                . = ALIGN (0x4)
                0x20000944                PROVIDE (__fini_array_start, .)
 *(SORT(.fini_array.*))
 *(.fini_array)
                0x20000944                PROVIDE (__fini_array_end, .)
 *(.jcr*)
                0x20000944                . = ALIGN (0x4)
                0x20000944                __data_end__ = .
                0x20000944                _edata = __data_end__

.igot.plt       0x20000944        0x0 load address 0x0800a4f0
 .igot.plt      0x00000000        0x0 ..\obj\stm32f4xx_syscfg.o

.bss            0x20000944      0x180 load address 0x0800a4f0
                0x20000944                . = ALIGN (0x4)
                0x20000944                __bss_start__ = .
                0x20000944                _sbss = __bss_start__
 *(.bss*)
 .bss           0x20000944       0x44 ..\obj\algo.o
                0x20000944                neighbourSelected
                0x20000945                aY
                0x20000946                nY
                0x20000947                gY
                0x20000948                n
                0x2000094c                moveQueue
                0x20000950                algoDistance
                0x20000954                txt
 .bss           0x20000988        0x8 ..\obj\pwm.o
                0x20000988                CCR1_Val
                0x2000098a                CCR2_Val
                0x2000098c                CCR3_Val
                0x2000098e                CCR4_Val
 .bss           0x20000990       0x38 ..\obj\sensor.o
                0x20000990                volMeter
                0x20000994                voltage
                0x20000998                LFSensor
                0x2000099c                RFSensor
                0x200009a0                LSensor
                0x200009a4                RSensor
                0x200009a8                LF
                0x200009aa                RF
                0x200009ac                L
                0x200009ae                R
                0x200009b0                gyroTime
                0x200009b4                Outz
                0x200009b8                aSpeed
                0x200009bc                aSpeed_RAW
                0x200009c0                angle
                0x200009c4                angularVelocity
 .bss           0x200009c8        0x4 ..\obj\syscalls.o
 .bss           0x200009cc        0x2 ..\obj\stack.o
                0x200009cc                stackElements
 *fill*         0x200009ce        0x2 
 .bss           0x200009d0       0x84 ..\obj\controller.o
                0x200009d0                leftEncoder
                0x200009d4                rightEncoder
                0x200009d8                leftEncoderChange
                0x200009dc                rightEncoderChange
                0x200009e0                encoderChange
                0x200009e4                leftEncoderOld
                0x200009e8                rightEncoderOld
                0x200009ec                leftEncoderCount
                0x200009f0                rightEncoderCount
                0x200009f4                encoderCount
                0x200009f8                distanceLeft
                0x200009fc                rotateDistance
                0x20000a00                curSpeedX
                0x20000a04                targetSpeedX
                0x20000a08                curSpeedW
                0x20000a0c                targetSpeedW
                0x20000a10                encoderFeedbackX
                0x20000a14                encoderFeedbackW
                0x20000a18                sensorFeedback
                0x20000a1c                sensorError
                0x20000a20                posErrorX
                0x20000a24                posErrorW
                0x20000a28                posPwmX
                0x20000a2c                posPwmW
                0x20000a30                oldPosErrorX
                0x20000a34                oldPosErrorW
                0x20000a38                leftBaseSpeed
                0x20000a3c                rightBaseSpeed
                0x20000a40                movePermit
                0x20000a44                sensorErrorCounter
                0x20000a48                frontCheck
                0x20000a4c                gyroAfterTurn
                0x20000a50                justRotated
 .bss           0x20000a54       0x18 ..\obj\usart.o
                0x20000a54                buforRx
                0x20000a68                dataReceived
                0x20000a69                bufRxIndex
 .bss.__malloc_max_total_mem
                0x20000a6c        0x4 c:/program files (x86)/gnu tools arm embedded/4.8 2014q3/bin/../lib/gcc/arm-none-eabi/4.8.4/../../../../arm-none-eabi/lib/armv7e-m/fpu\libc.a(lib_a-mallocr.o)
                0x20000a6c                __malloc_max_total_mem
 .bss.__malloc_max_sbrked_mem
                0x20000a70        0x4 c:/program files (x86)/gnu tools arm embedded/4.8 2014q3/bin/../lib/gcc/arm-none-eabi/4.8.4/../../../../arm-none-eabi/lib/armv7e-m/fpu\libc.a(lib_a-mallocr.o)
                0x20000a70                __malloc_max_sbrked_mem
 .bss.__malloc_top_pad
                0x20000a74        0x4 c:/program files (x86)/gnu tools arm embedded/4.8 2014q3/bin/../lib/gcc/arm-none-eabi/4.8.4/../../../../arm-none-eabi/lib/armv7e-m/fpu\libc.a(lib_a-mallocr.o)
                0x20000a74                __malloc_top_pad
 .bss.__malloc_current_mallinfo
                0x20000a78       0x28 c:/program files (x86)/gnu tools arm embedded/4.8 2014q3/bin/../lib/gcc/arm-none-eabi/4.8.4/../../../../arm-none-eabi/lib/armv7e-m/fpu\libc.a(lib_a-mallocr.o)
                0x20000a78                __malloc_current_mallinfo
 *(COMMON)
 COMMON         0x20000aa0       0x18 ..\obj\algo.o
                0x20000aa0                nX
                0x20000aa2                buzzerTime
                0x20000aa4                Stos
                0x20000aac                mState
                0x20000aaf                i
                0x20000ab0                stackWsk
                0x20000ab4                addY
                0x20000ab5                addX
                0x20000ab6                aX
                0x20000ab7                gX
 COMMON         0x20000ab8        0x8 ..\obj\delay.o
                0x20000ab8                Micros
                0x20000abc                Millis
 COMMON         0x20000ac0        0x4 c:/program files (x86)/gnu tools arm embedded/4.8 2014q3/bin/../lib/gcc/arm-none-eabi/4.8.4/../../../../arm-none-eabi/lib/armv7e-m/fpu\libc.a(lib_a-reent.o)
                0x20000ac0                errno
                0x20000ac4                . = ALIGN (0x4)
                0x20000ac4                __bss_end__ = .
                0x20000ac4                _ebss = __bss_end__

.heap           0x20000ac4        0x0
                0x20000ac4                __end__ = .
                0x20000ac4                _end = __end__
                0x20000ac4                end = __end__
 *(.heap*)
                0x20000ac4                __HeapLimit = .

.co_stack       0x20000ac4    0x1c004 load address 0x0800a670
                0x20000ac8                . = ALIGN (0x8)
 *fill*         0x20000ac4        0x4 
 *(.co_stack .co_stack.*)
 .co_stack      0x20000ac8    0x1c000 ..\obj\startup_stm32f4xx.o
                0x20000ac8                pulStack
                0x20020000                __StackTop = (ORIGIN (ram) + 0x20000)
                0x20003ffc                __StackLimit = (__StackTop - SIZEOF (.co_stack))
                0x20020000                PROVIDE (__stack, __StackTop)
                0x00000001                ASSERT ((__StackLimit >= __HeapLimit), region ram  overflowed with stack)
LOAD ..\obj\stm32f4xx_syscfg.o
LOAD ..\obj\algo.o
LOAD ..\obj\delay.o
LOAD ..\obj\stm32f4xx_sdio.o
LOAD ..\obj\button.o
LOAD ..\obj\stm32f4xx_hash.o
LOAD ..\obj\stm32f4xx_dma2d.o
LOAD ..\obj\stm32f4xx_cryp_aes.o
LOAD ..\obj\buzzer.o
LOAD ..\obj\stm32f4xx_hash_sha1.o
LOAD ..\obj\stm32f4xx_usart.o
LOAD ..\obj\stm32f4xx_pwr.o
LOAD ..\obj\stm32f4xx_can.o
LOAD ..\obj\led.o
LOAD ..\obj\stm32f4xx_wwdg.o
LOAD ..\obj\stm32f4xx_hash_md5.o
LOAD ..\obj\pwm.o
LOAD ..\obj\stm32f4xx_dac.o
LOAD ..\obj\stm32f4xx_ltdc.o
LOAD ..\obj\startup_stm32f4xx.o
LOAD ..\obj\stm32f4xx_crc.o
LOAD ..\obj\stm32f4xx_iwdg.o
LOAD ..\obj\main.o
LOAD ..\obj\stm32f4xx_rcc.o
LOAD ..\obj\stm32f4xx_it.o
LOAD ..\obj\sensor.o
LOAD ..\obj\stm32f4xx_adc.o
LOAD ..\obj\stm32f4xx_dcmi.o
LOAD ..\obj\encoder.o
LOAD ..\obj\stm32f4xx_cryp_des.o
LOAD ..\obj\stm32f4xx_cryp.o
LOAD ..\obj\stm32f4xx_fsmc.o
LOAD ..\obj\stm32f4xx_flash_ramfunc.o
LOAD ..\obj\stm32f4xx_gpio.o
LOAD ..\obj\stm32f4xx_flash.o
LOAD ..\obj\stm32f4xx_sai.o
LOAD ..\obj\system_stm32f4xx.o
LOAD ..\obj\syscalls.o
LOAD ..\obj\stm32f4xx_dma.o
LOAD ..\obj\adc.o
LOAD ..\obj\stack.o
LOAD ..\obj\stm32f4xx_spi.o
LOAD ..\obj\stm32f4xx_i2c.o
LOAD ..\obj\stm32f4xx_rng.o
LOAD ..\obj\stm32f4xx_exti.o
LOAD ..\obj\misc.o
LOAD ..\obj\stm32f4xx_rtc.o
LOAD ..\obj\controller.o
LOAD ..\obj\stm32f4xx_cryp_tdes.o
LOAD ..\obj\stm32f4xx_tim.o
LOAD ..\obj\stm32f4xx_dbgmcu.o
LOAD ..\obj\usart.o
LOAD c:/program files (x86)/gnu tools arm embedded/4.8 2014q3/bin/../lib/gcc/arm-none-eabi/4.8.4/../../../../arm-none-eabi/lib/armv7e-m/fpu\libm.a
LOAD c:/program files (x86)/gnu tools arm embedded/4.8 2014q3/bin/../lib/gcc/arm-none-eabi/4.8.4/armv7e-m/fpu\libgcc.a
LOAD c:/program files (x86)/gnu tools arm embedded/4.8 2014q3/bin/../lib/gcc/arm-none-eabi/4.8.4/../../../../arm-none-eabi/lib/armv7e-m/fpu\libc.a
START GROUP
LOAD c:/program files (x86)/gnu tools arm embedded/4.8 2014q3/bin/../lib/gcc/arm-none-eabi/4.8.4/armv7e-m/fpu\libgcc.a
LOAD c:/program files (x86)/gnu tools arm embedded/4.8 2014q3/bin/../lib/gcc/arm-none-eabi/4.8.4/../../../../arm-none-eabi/lib/armv7e-m/fpu\libg.a
LOAD c:/program files (x86)/gnu tools arm embedded/4.8 2014q3/bin/../lib/gcc/arm-none-eabi/4.8.4/../../../../arm-none-eabi/lib/armv7e-m/fpu\libc.a
END GROUP
OUTPUT(Dendryt.elf elf32-littlearm)

.debug_info     0x00000000     0xa78c
 .debug_info    0x00000000      0x290 ..\obj\stm32f4xx_syscfg.o
 .debug_info    0x00000290      0x86e ..\obj\algo.o
 .debug_info    0x00000afe      0x7be ..\obj\delay.o
 .debug_info    0x000012bc      0x5e8 ..\obj\button.o
 .debug_info    0x000018a4      0x5db ..\obj\buzzer.o
 .debug_info    0x00001e7f      0x9c2 ..\obj\stm32f4xx_usart.o
 .debug_info    0x00002841      0x2a1 ..\obj\led.o
 .debug_info    0x00002ae2      0x62d ..\obj\pwm.o
 .debug_info    0x0000310f       0xed ..\obj\startup_stm32f4xx.o
 .debug_info    0x000031fc      0x293 ..\obj\main.o
 .debug_info    0x0000348f      0xe28 ..\obj\stm32f4xx_rcc.o
 .debug_info    0x000042b7      0x3e5 ..\obj\stm32f4xx_it.o
 .debug_info    0x0000469c      0x70b ..\obj\sensor.o
 .debug_info    0x00004da7      0xc38 ..\obj\stm32f4xx_adc.o
 .debug_info    0x000059df      0x4eb ..\obj\encoder.o
 .debug_info    0x00005eca      0x605 ..\obj\stm32f4xx_gpio.o
 .debug_info    0x000064cf      0x56a ..\obj\system_stm32f4xx.o
 .debug_info    0x00006a39      0x3ee ..\obj\syscalls.o
 .debug_info    0x00006e27      0x51a ..\obj\adc.o
 .debug_info    0x00007341      0x205 ..\obj\stack.o
 .debug_info    0x00007546      0x338 ..\obj\stm32f4xx_exti.o
 .debug_info    0x0000787e      0x53d ..\obj\misc.o
 .debug_info    0x00007dbb      0x614 ..\obj\controller.o
 .debug_info    0x000083cf     0x1c61 ..\obj\stm32f4xx_tim.o
 .debug_info    0x0000a030      0x75c ..\obj\usart.o

.debug_abbrev   0x00000000     0x21ab
 .debug_abbrev  0x00000000      0x131 ..\obj\stm32f4xx_syscfg.o
 .debug_abbrev  0x00000131      0x223 ..\obj\algo.o
 .debug_abbrev  0x00000354      0x1de ..\obj\delay.o
 .debug_abbrev  0x00000532      0x10e ..\obj\button.o
 .debug_abbrev  0x00000640      0x14f ..\obj\buzzer.o
 .debug_abbrev  0x0000078f      0x155 ..\obj\stm32f4xx_usart.o
 .debug_abbrev  0x000008e4       0xff ..\obj\led.o
 .debug_abbrev  0x000009e3      0x146 ..\obj\pwm.o
 .debug_abbrev  0x00000b29       0xb0 ..\obj\startup_stm32f4xx.o
 .debug_abbrev  0x00000bd9      0x11f ..\obj\main.o
 .debug_abbrev  0x00000cf8      0x1ba ..\obj\stm32f4xx_rcc.o
 .debug_abbrev  0x00000eb2      0x124 ..\obj\stm32f4xx_it.o
 .debug_abbrev  0x00000fd6      0x19a ..\obj\sensor.o
 .debug_abbrev  0x00001170      0x196 ..\obj\stm32f4xx_adc.o
 .debug_abbrev  0x00001306      0x131 ..\obj\encoder.o
 .debug_abbrev  0x00001437      0x1a3 ..\obj\stm32f4xx_gpio.o
 .debug_abbrev  0x000015da      0x115 ..\obj\system_stm32f4xx.o
 .debug_abbrev  0x000016ef       0xe2 ..\obj\syscalls.o
 .debug_abbrev  0x000017d1      0x149 ..\obj\adc.o
 .debug_abbrev  0x0000191a      0x118 ..\obj\stack.o
 .debug_abbrev  0x00001a32      0x1a5 ..\obj\stm32f4xx_exti.o
 .debug_abbrev  0x00001bd7      0x145 ..\obj\misc.o
 .debug_abbrev  0x00001d1c      0x194 ..\obj\controller.o
 .debug_abbrev  0x00001eb0      0x187 ..\obj\stm32f4xx_tim.o
 .debug_abbrev  0x00002037      0x174 ..\obj\usart.o

.debug_aranges  0x00000000      0xca0
 .debug_aranges
                0x00000000       0x50 ..\obj\stm32f4xx_syscfg.o
 .debug_aranges
                0x00000050       0x70 ..\obj\algo.o
 .debug_aranges
                0x000000c0       0x60 ..\obj\delay.o
 .debug_aranges
                0x00000120       0x20 ..\obj\button.o
 .debug_aranges
                0x00000140       0x30 ..\obj\buzzer.o
 .debug_aranges
                0x00000170      0x100 ..\obj\stm32f4xx_usart.o
 .debug_aranges
                0x00000270       0x20 ..\obj\led.o
 .debug_aranges
                0x00000290       0x38 ..\obj\pwm.o
 .debug_aranges
                0x000002c8       0x28 ..\obj\startup_stm32f4xx.o
 .debug_aranges
                0x000002f0       0x30 ..\obj\main.o
 .debug_aranges
                0x00000320      0x1c0 ..\obj\stm32f4xx_rcc.o
 .debug_aranges
                0x000004e0       0x68 ..\obj\stm32f4xx_it.o
 .debug_aranges
                0x00000548       0x38 ..\obj\sensor.o
 .debug_aranges
                0x00000580      0x148 ..\obj\stm32f4xx_adc.o
 .debug_aranges
                0x000006c8       0x40 ..\obj\encoder.o
 .debug_aranges
                0x00000708       0x88 ..\obj\stm32f4xx_gpio.o
 .debug_aranges
                0x00000790       0x30 ..\obj\system_stm32f4xx.o
 .debug_aranges
                0x000007c0       0x60 ..\obj\syscalls.o
 .debug_aranges
                0x00000820       0x28 ..\obj\adc.o
 .debug_aranges
                0x00000848       0x30 ..\obj\stack.o
 .debug_aranges
                0x00000878       0x58 ..\obj\stm32f4xx_exti.o
 .debug_aranges
                0x000008d0       0x40 ..\obj\misc.o
 .debug_aranges
                0x00000910       0x68 ..\obj\controller.o
 .debug_aranges
                0x00000978      0x2f8 ..\obj\stm32f4xx_tim.o
 .debug_aranges
                0x00000c70       0x30 ..\obj\usart.o

.debug_ranges   0x00000000      0xb10
 .debug_ranges  0x00000000       0x40 ..\obj\stm32f4xx_syscfg.o
 .debug_ranges  0x00000040       0x60 ..\obj\algo.o
 .debug_ranges  0x000000a0       0x50 ..\obj\delay.o
 .debug_ranges  0x000000f0       0x10 ..\obj\button.o
 .debug_ranges  0x00000100       0x20 ..\obj\buzzer.o
 .debug_ranges  0x00000120       0xf0 ..\obj\stm32f4xx_usart.o
 .debug_ranges  0x00000210       0x10 ..\obj\led.o
 .debug_ranges  0x00000220       0x28 ..\obj\pwm.o
 .debug_ranges  0x00000248       0x18 ..\obj\startup_stm32f4xx.o
 .debug_ranges  0x00000260       0x20 ..\obj\main.o
 .debug_ranges  0x00000280      0x1b0 ..\obj\stm32f4xx_rcc.o
 .debug_ranges  0x00000430       0x58 ..\obj\stm32f4xx_it.o
 .debug_ranges  0x00000488       0x28 ..\obj\sensor.o
 .debug_ranges  0x000004b0      0x138 ..\obj\stm32f4xx_adc.o
 .debug_ranges  0x000005e8       0x30 ..\obj\encoder.o
 .debug_ranges  0x00000618       0x78 ..\obj\stm32f4xx_gpio.o
 .debug_ranges  0x00000690       0x20 ..\obj\system_stm32f4xx.o
 .debug_ranges  0x000006b0       0x50 ..\obj\syscalls.o
 .debug_ranges  0x00000700       0x18 ..\obj\adc.o
 .debug_ranges  0x00000718       0x20 ..\obj\stack.o
 .debug_ranges  0x00000738       0x48 ..\obj\stm32f4xx_exti.o
 .debug_ranges  0x00000780       0x30 ..\obj\misc.o
 .debug_ranges  0x000007b0       0x58 ..\obj\controller.o
 .debug_ranges  0x00000808      0x2e8 ..\obj\stm32f4xx_tim.o
 .debug_ranges  0x00000af0       0x20 ..\obj\usart.o

.debug_line     0x00000000     0x4a16
 .debug_line    0x00000000      0x217 ..\obj\stm32f4xx_syscfg.o
 .debug_line    0x00000217      0x491 ..\obj\algo.o
 .debug_line    0x000006a8      0x27b ..\obj\delay.o
 .debug_line    0x00000923      0x202 ..\obj\button.o
 .debug_line    0x00000b25      0x257 ..\obj\buzzer.o
 .debug_line    0x00000d7c      0x486 ..\obj\stm32f4xx_usart.o
 .debug_line    0x00001202      0x1e8 ..\obj\led.o
 .debug_line    0x000013ea      0x24b ..\obj\pwm.o
 .debug_line    0x00001635       0x8f ..\obj\startup_stm32f4xx.o
 .debug_line    0x000016c4      0x20f ..\obj\main.o
 .debug_line    0x000018d3      0x633 ..\obj\stm32f4xx_rcc.o
 .debug_line    0x00001f06      0x266 ..\obj\stm32f4xx_it.o
 .debug_line    0x0000216c      0x293 ..\obj\sensor.o
 .debug_line    0x000023ff      0x530 ..\obj\stm32f4xx_adc.o
 .debug_line    0x0000292f      0x22b ..\obj\encoder.o
 .debug_line    0x00002b5a      0x323 ..\obj\stm32f4xx_gpio.o
 .debug_line    0x00002e7d      0x1ce ..\obj\system_stm32f4xx.o
 .debug_line    0x0000304b      0x172 ..\obj\syscalls.o
 .debug_line    0x000031bd      0x219 ..\obj\adc.o
 .debug_line    0x000033d6      0x1fa ..\obj\stack.o
 .debug_line    0x000035d0      0x27a ..\obj\stm32f4xx_exti.o
 .debug_line    0x0000384a      0x223 ..\obj\misc.o
 .debug_line    0x00003a6d      0x313 ..\obj\controller.o
 .debug_line    0x00003d80      0xa43 ..\obj\stm32f4xx_tim.o
 .debug_line    0x000047c3      0x253 ..\obj\usart.o

.debug_str      0x00000000     0x39ec
 .debug_str     0x00000000      0x2c4 ..\obj\stm32f4xx_syscfg.o
                                0x322 (size before relaxing)
 .debug_str     0x000002c4      0x209 ..\obj\algo.o
                                0x3b1 (size before relaxing)
 .debug_str     0x000004cd      0x6b3 ..\obj\delay.o
                                0x840 (size before relaxing)
 .debug_str     0x00000b80      0x30a ..\obj\button.o
                                0x9e9 (size before relaxing)
 .debug_str     0x00000e8a      0x22d ..\obj\buzzer.o
                                0x5a5 (size before relaxing)
 .debug_str     0x000010b7      0x481 ..\obj\stm32f4xx_usart.o
                                0x6a3 (size before relaxing)
 .debug_str     0x00001538       0x44 ..\obj\led.o
                                0x35b (size before relaxing)
 .debug_str     0x0000157c       0x97 ..\obj\pwm.o
                                0x5bb (size before relaxing)
 .debug_str     0x00001613       0x9c ..\obj\startup_stm32f4xx.o
                                0x156 (size before relaxing)
 .debug_str     0x000016af       0x62 ..\obj\main.o
                                0x262 (size before relaxing)
 .debug_str     0x00001711      0x72b ..\obj\stm32f4xx_rcc.o
                                0x9c0 (size before relaxing)
 .debug_str     0x00001e3c       0xdb ..\obj\stm32f4xx_it.o
                                0x371 (size before relaxing)
 .debug_str     0x00001f17      0x148 ..\obj\sensor.o
                                0x466 (size before relaxing)
 .debug_str     0x0000205f      0x5d3 ..\obj\stm32f4xx_adc.o
                                0x818 (size before relaxing)
 .debug_str     0x00002632       0x91 ..\obj\encoder.o
                                0x49a (size before relaxing)
 .debug_str     0x000026c3      0x18e ..\obj\stm32f4xx_gpio.o
                                0x4b4 (size before relaxing)
 .debug_str     0x00002851       0x96 ..\obj\system_stm32f4xx.o
                                0x3a8 (size before relaxing)
 .debug_str     0x000028e7      0x158 ..\obj\syscalls.o
                                0x2e9 (size before relaxing)
 .debug_str     0x00002a3f       0x77 ..\obj\adc.o
                                0x50a (size before relaxing)
 .debug_str     0x00002ab6       0x5c ..\obj\stack.o
                                0x1f7 (size before relaxing)
 .debug_str     0x00002b12       0xf1 ..\obj\stm32f4xx_exti.o
                                0x360 (size before relaxing)
 .debug_str     0x00002c03       0xfd ..\obj\misc.o
                                0x3e2 (size before relaxing)
 .debug_str     0x00002d00      0x265 ..\obj\controller.o
                                0x4c4 (size before relaxing)
 .debug_str     0x00002f65      0x9ef ..\obj\stm32f4xx_tim.o
                                0xde4 (size before relaxing)
 .debug_str     0x00003954       0x98 ..\obj\usart.o
                                0xa36 (size before relaxing)

.comment        0x00000000       0x70
 .comment       0x00000000       0x70 ..\obj\stm32f4xx_syscfg.o
                                 0x71 (size before relaxing)
 .comment       0x00000000       0x71 ..\obj\algo.o
 .comment       0x00000000       0x71 ..\obj\delay.o
 .comment       0x00000000       0x71 ..\obj\button.o
 .comment       0x00000000       0x71 ..\obj\buzzer.o
 .comment       0x00000000       0x71 ..\obj\stm32f4xx_usart.o
 .comment       0x00000000       0x71 ..\obj\led.o
 .comment       0x00000000       0x71 ..\obj\pwm.o
 .comment       0x00000000       0x71 ..\obj\startup_stm32f4xx.o
 .comment       0x00000000       0x71 ..\obj\main.o
 .comment       0x00000000       0x71 ..\obj\stm32f4xx_rcc.o
 .comment       0x00000000       0x71 ..\obj\stm32f4xx_it.o
 .comment       0x00000000       0x71 ..\obj\sensor.o
 .comment       0x00000000       0x71 ..\obj\stm32f4xx_adc.o
 .comment       0x00000000       0x71 ..\obj\encoder.o
 .comment       0x00000000       0x71 ..\obj\stm32f4xx_gpio.o
 .comment       0x00000000       0x71 ..\obj\system_stm32f4xx.o
 .comment       0x00000000       0x71 ..\obj\syscalls.o
 .comment       0x00000000       0x71 ..\obj\adc.o
 .comment       0x00000000       0x71 ..\obj\stack.o
 .comment       0x00000000       0x71 ..\obj\stm32f4xx_exti.o
 .comment       0x00000000       0x71 ..\obj\misc.o
 .comment       0x00000000       0x71 ..\obj\controller.o
 .comment       0x00000000       0x71 ..\obj\stm32f4xx_tim.o
 .comment       0x00000000       0x71 ..\obj\usart.o

.ARM.attributes
                0x00000000       0x37
 .ARM.attributes
                0x00000000       0x39 ..\obj\stm32f4xx_syscfg.o
 .ARM.attributes
                0x00000039       0x39 ..\obj\algo.o
 .ARM.attributes
                0x00000072       0x39 ..\obj\delay.o
 .ARM.attributes
                0x000000ab       0x39 ..\obj\button.o
 .ARM.attributes
                0x000000e4       0x39 ..\obj\buzzer.o
 .ARM.attributes
                0x0000011d       0x39 ..\obj\stm32f4xx_usart.o
 .ARM.attributes
                0x00000156       0x39 ..\obj\led.o
 .ARM.attributes
                0x0000018f       0x39 ..\obj\pwm.o
 .ARM.attributes
                0x000001c8       0x39 ..\obj\startup_stm32f4xx.o
 .ARM.attributes
                0x00000201       0x39 ..\obj\main.o
 .ARM.attributes
                0x0000023a       0x39 ..\obj\stm32f4xx_rcc.o
 .ARM.attributes
                0x00000273       0x39 ..\obj\stm32f4xx_it.o
 .ARM.attributes
                0x000002ac       0x39 ..\obj\sensor.o
 .ARM.attributes
                0x000002e5       0x39 ..\obj\stm32f4xx_adc.o
 .ARM.attributes
                0x0000031e       0x39 ..\obj\encoder.o
 .ARM.attributes
                0x00000357       0x39 ..\obj\stm32f4xx_gpio.o
 .ARM.attributes
                0x00000390       0x39 ..\obj\system_stm32f4xx.o
 .ARM.attributes
                0x000003c9       0x39 ..\obj\syscalls.o
 .ARM.attributes
                0x00000402       0x39 ..\obj\adc.o
 .ARM.attributes
                0x0000043b       0x39 ..\obj\stack.o
 .ARM.attributes
                0x00000474       0x39 ..\obj\stm32f4xx_exti.o
 .ARM.attributes
                0x000004ad       0x39 ..\obj\misc.o
 .ARM.attributes
                0x000004e6       0x39 ..\obj\controller.o
 .ARM.attributes
                0x0000051f       0x39 ..\obj\stm32f4xx_tim.o
 .ARM.attributes
                0x00000558       0x39 ..\obj\usart.o
 .ARM.attributes
                0x00000591       0x34 c:/program files (x86)/gnu tools arm embedded/4.8 2014q3/bin/../lib/gcc/arm-none-eabi/4.8.4/../../../../arm-none-eabi/lib/armv7e-m/fpu\libm.a(lib_a-wf_pow.o)
 .ARM.attributes
                0x000005c5       0x34 c:/program files (x86)/gnu tools arm embedded/4.8 2014q3/bin/../lib/gcc/arm-none-eabi/4.8.4/../../../../arm-none-eabi/lib/armv7e-m/fpu\libm.a(lib_a-ef_pow.o)
 .ARM.attributes
                0x000005f9       0x34 c:/program files (x86)/gnu tools arm embedded/4.8 2014q3/bin/../lib/gcc/arm-none-eabi/4.8.4/../../../../arm-none-eabi/lib/armv7e-m/fpu\libm.a(lib_a-ef_sqrt.o)
 .ARM.attributes
                0x0000062d       0x34 c:/program files (x86)/gnu tools arm embedded/4.8 2014q3/bin/../lib/gcc/arm-none-eabi/4.8.4/../../../../arm-none-eabi/lib/armv7e-m/fpu\libm.a(lib_a-s_lib_ver.o)
 .ARM.attributes
                0x00000661       0x34 c:/program files (x86)/gnu tools arm embedded/4.8 2014q3/bin/../lib/gcc/arm-none-eabi/4.8.4/../../../../arm-none-eabi/lib/armv7e-m/fpu\libm.a(lib_a-s_matherr.o)
 .ARM.attributes
                0x00000695       0x34 c:/program files (x86)/gnu tools arm embedded/4.8 2014q3/bin/../lib/gcc/arm-none-eabi/4.8.4/../../../../arm-none-eabi/lib/armv7e-m/fpu\libm.a(lib_a-s_rint.o)
 .ARM.attributes
                0x000006c9       0x34 c:/program files (x86)/gnu tools arm embedded/4.8 2014q3/bin/../lib/gcc/arm-none-eabi/4.8.4/../../../../arm-none-eabi/lib/armv7e-m/fpu\libm.a(lib_a-sf_fabs.o)
 .ARM.attributes
                0x000006fd       0x34 c:/program files (x86)/gnu tools arm embedded/4.8 2014q3/bin/../lib/gcc/arm-none-eabi/4.8.4/../../../../arm-none-eabi/lib/armv7e-m/fpu\libm.a(lib_a-sf_finite.o)
 .ARM.attributes
                0x00000731       0x34 c:/program files (x86)/gnu tools arm embedded/4.8 2014q3/bin/../lib/gcc/arm-none-eabi/4.8.4/../../../../arm-none-eabi/lib/armv7e-m/fpu\libm.a(lib_a-sf_fpclassify.o)
 .ARM.attributes
                0x00000765       0x34 c:/program files (x86)/gnu tools arm embedded/4.8 2014q3/bin/../lib/gcc/arm-none-eabi/4.8.4/../../../../arm-none-eabi/lib/armv7e-m/fpu\libm.a(lib_a-sf_nan.o)
 .ARM.attributes
                0x00000799       0x34 c:/program files (x86)/gnu tools arm embedded/4.8 2014q3/bin/../lib/gcc/arm-none-eabi/4.8.4/../../../../arm-none-eabi/lib/armv7e-m/fpu\libm.a(lib_a-sf_scalbn.o)
 .ARM.attributes
                0x000007cd       0x34 c:/program files (x86)/gnu tools arm embedded/4.8 2014q3/bin/../lib/gcc/arm-none-eabi/4.8.4/../../../../arm-none-eabi/lib/armv7e-m/fpu\libm.a(lib_a-sf_copysign.o)
 .ARM.attributes
                0x00000801       0x22 c:/program files (x86)/gnu tools arm embedded/4.8 2014q3/bin/../lib/gcc/arm-none-eabi/4.8.4/armv7e-m/fpu\libgcc.a(_arm_addsubdf3.o)
 .ARM.attributes
                0x00000823       0x22 c:/program files (x86)/gnu tools arm embedded/4.8 2014q3/bin/../lib/gcc/arm-none-eabi/4.8.4/armv7e-m/fpu\libgcc.a(_arm_muldivdf3.o)
 .ARM.attributes
                0x00000845       0x22 c:/program files (x86)/gnu tools arm embedded/4.8 2014q3/bin/../lib/gcc/arm-none-eabi/4.8.4/armv7e-m/fpu\libgcc.a(_arm_cmpdf2.o)
 .ARM.attributes
                0x00000867       0x22 c:/program files (x86)/gnu tools arm embedded/4.8 2014q3/bin/../lib/gcc/arm-none-eabi/4.8.4/armv7e-m/fpu\libgcc.a(_arm_fixdfsi.o)
 .ARM.attributes
                0x00000889       0x22 c:/program files (x86)/gnu tools arm embedded/4.8 2014q3/bin/../lib/gcc/arm-none-eabi/4.8.4/armv7e-m/fpu\libgcc.a(_arm_fixunsdfsi.o)
 .ARM.attributes
                0x000008ab       0x22 c:/program files (x86)/gnu tools arm embedded/4.8 2014q3/bin/../lib/gcc/arm-none-eabi/4.8.4/armv7e-m/fpu\libgcc.a(_arm_truncdfsf2.o)
 .ARM.attributes
                0x000008cd       0x34 c:/program files (x86)/gnu tools arm embedded/4.8 2014q3/bin/../lib/gcc/arm-none-eabi/4.8.4/../../../../arm-none-eabi/lib/armv7e-m/fpu\libc.a(lib_a-errno.o)
 .ARM.attributes
                0x00000901       0x34 c:/program files (x86)/gnu tools arm embedded/4.8 2014q3/bin/../lib/gcc/arm-none-eabi/4.8.4/../../../../arm-none-eabi/lib/armv7e-m/fpu\libc.a(lib_a-impure.o)
 .ARM.attributes
                0x00000935       0x34 c:/program files (x86)/gnu tools arm embedded/4.8 2014q3/bin/../lib/gcc/arm-none-eabi/4.8.4/../../../../arm-none-eabi/lib/armv7e-m/fpu\libc.a(lib_a-malloc.o)
 .ARM.attributes
                0x00000969       0x34 c:/program files (x86)/gnu tools arm embedded/4.8 2014q3/bin/../lib/gcc/arm-none-eabi/4.8.4/../../../../arm-none-eabi/lib/armv7e-m/fpu\libc.a(lib_a-mallocr.o)
 .ARM.attributes
                0x0000099d       0x34 c:/program files (x86)/gnu tools arm embedded/4.8 2014q3/bin/../lib/gcc/arm-none-eabi/4.8.4/../../../../arm-none-eabi/lib/armv7e-m/fpu\libc.a(lib_a-mlock.o)
 .ARM.attributes
                0x000009d1       0x34 c:/program files (x86)/gnu tools arm embedded/4.8 2014q3/bin/../lib/gcc/arm-none-eabi/4.8.4/../../../../arm-none-eabi/lib/armv7e-m/fpu\libc.a(lib_a-sbrkr.o)
 .ARM.attributes
                0x00000a05       0x34 c:/program files (x86)/gnu tools arm embedded/4.8 2014q3/bin/../lib/gcc/arm-none-eabi/4.8.4/../../../../arm-none-eabi/lib/armv7e-m/fpu\libc.a(lib_a-sprintf.o)
 .ARM.attributes
                0x00000a39       0x34 c:/program files (x86)/gnu tools arm embedded/4.8 2014q3/bin/../lib/gcc/arm-none-eabi/4.8.4/../../../../arm-none-eabi/lib/armv7e-m/fpu\libc.a(lib_a-svfprintf.o)
 .ARM.attributes
                0x00000a6d       0x34 c:/program files (x86)/gnu tools arm embedded/4.8 2014q3/bin/../lib/gcc/arm-none-eabi/4.8.4/../../../../arm-none-eabi/lib/armv7e-m/fpu\libc.a(lib_a-dtoa.o)
 .ARM.attributes
                0x00000aa1       0x34 c:/program files (x86)/gnu tools arm embedded/4.8 2014q3/bin/../lib/gcc/arm-none-eabi/4.8.4/../../../../arm-none-eabi/lib/armv7e-m/fpu\libc.a(lib_a-freer.o)
 .ARM.attributes
                0x00000ad5       0x34 c:/program files (x86)/gnu tools arm embedded/4.8 2014q3/bin/../lib/gcc/arm-none-eabi/4.8.4/../../../../arm-none-eabi/lib/armv7e-m/fpu\libc.a(lib_a-locale.o)
 .ARM.attributes
                0x00000b09       0x34 c:/program files (x86)/gnu tools arm embedded/4.8 2014q3/bin/../lib/gcc/arm-none-eabi/4.8.4/../../../../arm-none-eabi/lib/armv7e-m/fpu\libc.a(lib_a-memchr-stub.o)
 .ARM.attributes
                0x00000b3d       0x20 c:/program files (x86)/gnu tools arm embedded/4.8 2014q3/bin/../lib/gcc/arm-none-eabi/4.8.4/../../../../arm-none-eabi/lib/armv7e-m/fpu\libc.a(lib_a-memcpy.o)
 .ARM.attributes
                0x00000b5d       0x34 c:/program files (x86)/gnu tools arm embedded/4.8 2014q3/bin/../lib/gcc/arm-none-eabi/4.8.4/../../../../arm-none-eabi/lib/armv7e-m/fpu\libc.a(lib_a-mprec.o)
 .ARM.attributes
                0x00000b91       0x34 c:/program files (x86)/gnu tools arm embedded/4.8 2014q3/bin/../lib/gcc/arm-none-eabi/4.8.4/../../../../arm-none-eabi/lib/armv7e-m/fpu\libc.a(lib_a-reent.o)
 .ARM.attributes
                0x00000bc5       0x34 c:/program files (x86)/gnu tools arm embedded/4.8 2014q3/bin/../lib/gcc/arm-none-eabi/4.8.4/../../../../arm-none-eabi/lib/armv7e-m/fpu\libc.a(lib_a-s_fpclassify.o)
 .ARM.attributes
                0x00000bf9       0x34 c:/program files (x86)/gnu tools arm embedded/4.8 2014q3/bin/../lib/gcc/arm-none-eabi/4.8.4/../../../../arm-none-eabi/lib/armv7e-m/fpu\libc.a(lib_a-strlen.o)
 .ARM.attributes
                0x00000c2d       0x34 c:/program files (x86)/gnu tools arm embedded/4.8 2014q3/bin/../lib/gcc/arm-none-eabi/4.8.4/../../../../arm-none-eabi/lib/armv7e-m/fpu\libc.a(lib_a-svfiprintf.o)
 .ARM.attributes
                0x00000c61       0x34 c:/program files (x86)/gnu tools arm embedded/4.8 2014q3/bin/../lib/gcc/arm-none-eabi/4.8.4/../../../../arm-none-eabi/lib/armv7e-m/fpu\libc.a(lib_a-callocr.o)
 .ARM.attributes
                0x00000c95       0x34 c:/program files (x86)/gnu tools arm embedded/4.8 2014q3/bin/../lib/gcc/arm-none-eabi/4.8.4/../../../../arm-none-eabi/lib/armv7e-m/fpu\libc.a(lib_a-memmove.o)
 .ARM.attributes
                0x00000cc9       0x34 c:/program files (x86)/gnu tools arm embedded/4.8 2014q3/bin/../lib/gcc/arm-none-eabi/4.8.4/../../../../arm-none-eabi/lib/armv7e-m/fpu\libc.a(lib_a-memset.o)
 .ARM.attributes
                0x00000cfd       0x34 c:/program files (x86)/gnu tools arm embedded/4.8 2014q3/bin/../lib/gcc/arm-none-eabi/4.8.4/../../../../arm-none-eabi/lib/armv7e-m/fpu\libc.a(lib_a-reallocr.o)
 .ARM.attributes
                0x00000d31       0x22 c:/program files (x86)/gnu tools arm embedded/4.8 2014q3/bin/../lib/gcc/arm-none-eabi/4.8.4/armv7e-m/fpu\libgcc.a(_aeabi_uldivmod.o)
 .ARM.attributes
                0x00000d53       0x34 c:/program files (x86)/gnu tools arm embedded/4.8 2014q3/bin/../lib/gcc/arm-none-eabi/4.8.4/armv7e-m/fpu\libgcc.a(bpabi.o)
 .ARM.attributes
                0x00000d87       0x22 c:/program files (x86)/gnu tools arm embedded/4.8 2014q3/bin/../lib/gcc/arm-none-eabi/4.8.4/armv7e-m/fpu\libgcc.a(_dvmd_tls.o)
 .ARM.attributes
                0x00000da9       0x34 c:/program files (x86)/gnu tools arm embedded/4.8 2014q3/bin/../lib/gcc/arm-none-eabi/4.8.4/armv7e-m/fpu\libgcc.a(_divdi3.o)
 .ARM.attributes
                0x00000ddd       0x34 c:/program files (x86)/gnu tools arm embedded/4.8 2014q3/bin/../lib/gcc/arm-none-eabi/4.8.4/armv7e-m/fpu\libgcc.a(_udivdi3.o)

.debug_frame    0x00000000     0x2eec
 .debug_frame   0x00000000       0xd8 ..\obj\stm32f4xx_syscfg.o
 .debug_frame   0x000000d8      0x140 ..\obj\algo.o
 .debug_frame   0x00000218      0x114 ..\obj\delay.o
 .debug_frame   0x0000032c       0x30 ..\obj\button.o
 .debug_frame   0x0000035c       0x64 ..\obj\buzzer.o
 .debug_frame   0x000003c0      0x344 ..\obj\stm32f4xx_usart.o
 .debug_frame   0x00000704       0x30 ..\obj\led.o
 .debug_frame   0x00000734       0x88 ..\obj\pwm.o
 .debug_frame   0x000007bc       0x48 ..\obj\startup_stm32f4xx.o
 .debug_frame   0x00000804       0x64 ..\obj\main.o
 .debug_frame   0x00000868      0x5d4 ..\obj\stm32f4xx_rcc.o
 .debug_frame   0x00000e3c      0x108 ..\obj\stm32f4xx_it.o
 .debug_frame   0x00000f44       0x8c ..\obj\sensor.o
 .debug_frame   0x00000fd0      0x434 ..\obj\stm32f4xx_adc.o
 .debug_frame   0x00001404       0x90 ..\obj\encoder.o
 .debug_frame   0x00001494      0x19c ..\obj\stm32f4xx_gpio.o
 .debug_frame   0x00001630       0x60 ..\obj\system_stm32f4xx.o
 .debug_frame   0x00001690      0x108 ..\obj\syscalls.o
 .debug_frame   0x00001798       0x50 ..\obj\adc.o
 .debug_frame   0x000017e8       0x6c ..\obj\stack.o
 .debug_frame   0x00001854       0xec ..\obj\stm32f4xx_exti.o
 .debug_frame   0x00001940       0x9c ..\obj\misc.o
 .debug_frame   0x000019dc      0x118 ..\obj\controller.o
 .debug_frame   0x00001af4      0xa3c ..\obj\stm32f4xx_tim.o
 .debug_frame   0x00002530       0x70 ..\obj\usart.o
 .debug_frame   0x000025a0       0x38 c:/program files (x86)/gnu tools arm embedded/4.8 2014q3/bin/../lib/gcc/arm-none-eabi/4.8.4/../../../../arm-none-eabi/lib/armv7e-m/fpu\libm.a(lib_a-wf_pow.o)
 .debug_frame   0x000025d8       0x3c c:/program files (x86)/gnu tools arm embedded/4.8 2014q3/bin/../lib/gcc/arm-none-eabi/4.8.4/../../../../arm-none-eabi/lib/armv7e-m/fpu\libm.a(lib_a-ef_pow.o)
 .debug_frame   0x00002614       0x2c c:/program files (x86)/gnu tools arm embedded/4.8 2014q3/bin/../lib/gcc/arm-none-eabi/4.8.4/../../../../arm-none-eabi/lib/armv7e-m/fpu\libm.a(lib_a-ef_sqrt.o)
 .debug_frame   0x00002640       0x20 c:/program files (x86)/gnu tools arm embedded/4.8 2014q3/bin/../lib/gcc/arm-none-eabi/4.8.4/../../../../arm-none-eabi/lib/armv7e-m/fpu\libm.a(lib_a-s_matherr.o)
 .debug_frame   0x00002660       0x30 c:/program files (x86)/gnu tools arm embedded/4.8 2014q3/bin/../lib/gcc/arm-none-eabi/4.8.4/../../../../arm-none-eabi/lib/armv7e-m/fpu\libm.a(lib_a-s_rint.o)
 .debug_frame   0x00002690       0x20 c:/program files (x86)/gnu tools arm embedded/4.8 2014q3/bin/../lib/gcc/arm-none-eabi/4.8.4/../../../../arm-none-eabi/lib/armv7e-m/fpu\libm.a(lib_a-sf_fabs.o)
 .debug_frame   0x000026b0       0x20 c:/program files (x86)/gnu tools arm embedded/4.8 2014q3/bin/../lib/gcc/arm-none-eabi/4.8.4/../../../../arm-none-eabi/lib/armv7e-m/fpu\libm.a(lib_a-sf_finite.o)
 .debug_frame   0x000026d0       0x20 c:/program files (x86)/gnu tools arm embedded/4.8 2014q3/bin/../lib/gcc/arm-none-eabi/4.8.4/../../../../arm-none-eabi/lib/armv7e-m/fpu\libm.a(lib_a-sf_fpclassify.o)
 .debug_frame   0x000026f0       0x20 c:/program files (x86)/gnu tools arm embedded/4.8 2014q3/bin/../lib/gcc/arm-none-eabi/4.8.4/../../../../arm-none-eabi/lib/armv7e-m/fpu\libm.a(lib_a-sf_nan.o)
 .debug_frame   0x00002710       0x30 c:/program files (x86)/gnu tools arm embedded/4.8 2014q3/bin/../lib/gcc/arm-none-eabi/4.8.4/../../../../arm-none-eabi/lib/armv7e-m/fpu\libm.a(lib_a-sf_scalbn.o)
 .debug_frame   0x00002740       0x20 c:/program files (x86)/gnu tools arm embedded/4.8 2014q3/bin/../lib/gcc/arm-none-eabi/4.8.4/../../../../arm-none-eabi/lib/armv7e-m/fpu\libm.a(lib_a-sf_copysign.o)
 .debug_frame   0x00002760       0x20 c:/program files (x86)/gnu tools arm embedded/4.8 2014q3/bin/../lib/gcc/arm-none-eabi/4.8.4/../../../../arm-none-eabi/lib/armv7e-m/fpu\libc.a(lib_a-errno.o)
 .debug_frame   0x00002780       0x30 c:/program files (x86)/gnu tools arm embedded/4.8 2014q3/bin/../lib/gcc/arm-none-eabi/4.8.4/../../../../arm-none-eabi/lib/armv7e-m/fpu\libc.a(lib_a-malloc.o)
 .debug_frame   0x000027b0       0x38 c:/program files (x86)/gnu tools arm embedded/4.8 2014q3/bin/../lib/gcc/arm-none-eabi/4.8.4/../../../../arm-none-eabi/lib/armv7e-m/fpu\libc.a(lib_a-mallocr.o)
 .debug_frame   0x000027e8       0x30 c:/program files (x86)/gnu tools arm embedded/4.8 2014q3/bin/../lib/gcc/arm-none-eabi/4.8.4/../../../../arm-none-eabi/lib/armv7e-m/fpu\libc.a(lib_a-mlock.o)
 .debug_frame   0x00002818       0x2c c:/program files (x86)/gnu tools arm embedded/4.8 2014q3/bin/../lib/gcc/arm-none-eabi/4.8.4/../../../../arm-none-eabi/lib/armv7e-m/fpu\libc.a(lib_a-sbrkr.o)
 .debug_frame   0x00002844       0x64 c:/program files (x86)/gnu tools arm embedded/4.8 2014q3/bin/../lib/gcc/arm-none-eabi/4.8.4/../../../../arm-none-eabi/lib/armv7e-m/fpu\libc.a(lib_a-sprintf.o)
 .debug_frame   0x000028a8       0x3c c:/program files (x86)/gnu tools arm embedded/4.8 2014q3/bin/../lib/gcc/arm-none-eabi/4.8.4/../../../../arm-none-eabi/lib/armv7e-m/fpu\libc.a(lib_a-svfprintf.o)
 .debug_frame   0x000028e4       0x64 c:/program files (x86)/gnu tools arm embedded/4.8 2014q3/bin/../lib/gcc/arm-none-eabi/4.8.4/../../../../arm-none-eabi/lib/armv7e-m/fpu\libc.a(lib_a-dtoa.o)
 .debug_frame   0x00002948       0x50 c:/program files (x86)/gnu tools arm embedded/4.8 2014q3/bin/../lib/gcc/arm-none-eabi/4.8.4/../../../../arm-none-eabi/lib/armv7e-m/fpu\libc.a(lib_a-freer.o)
 .debug_frame   0x00002998       0x98 c:/program files (x86)/gnu tools arm embedded/4.8 2014q3/bin/../lib/gcc/arm-none-eabi/4.8.4/../../../../arm-none-eabi/lib/armv7e-m/fpu\libc.a(lib_a-locale.o)
 .debug_frame   0x00002a30       0x2c c:/program files (x86)/gnu tools arm embedded/4.8 2014q3/bin/../lib/gcc/arm-none-eabi/4.8.4/../../../../arm-none-eabi/lib/armv7e-m/fpu\libc.a(lib_a-memchr-stub.o)
 .debug_frame   0x00002a5c      0x22c c:/program files (x86)/gnu tools arm embedded/4.8 2014q3/bin/../lib/gcc/arm-none-eabi/4.8.4/../../../../arm-none-eabi/lib/armv7e-m/fpu\libc.a(lib_a-mprec.o)
 .debug_frame   0x00002c88       0x48 c:/program files (x86)/gnu tools arm embedded/4.8 2014q3/bin/../lib/gcc/arm-none-eabi/4.8.4/../../../../arm-none-eabi/lib/armv7e-m/fpu\libc.a(lib_a-reent.o)
 .debug_frame   0x00002cd0       0x28 c:/program files (x86)/gnu tools arm embedded/4.8 2014q3/bin/../lib/gcc/arm-none-eabi/4.8.4/../../../../arm-none-eabi/lib/armv7e-m/fpu\libc.a(lib_a-s_fpclassify.o)
 .debug_frame   0x00002cf8       0x20 c:/program files (x86)/gnu tools arm embedded/4.8 2014q3/bin/../lib/gcc/arm-none-eabi/4.8.4/../../../../arm-none-eabi/lib/armv7e-m/fpu\libc.a(lib_a-strlen.o)
 .debug_frame   0x00002d18       0x64 c:/program files (x86)/gnu tools arm embedded/4.8 2014q3/bin/../lib/gcc/arm-none-eabi/4.8.4/../../../../arm-none-eabi/lib/armv7e-m/fpu\libc.a(lib_a-svfiprintf.o)
 .debug_frame   0x00002d7c       0x28 c:/program files (x86)/gnu tools arm embedded/4.8 2014q3/bin/../lib/gcc/arm-none-eabi/4.8.4/../../../../arm-none-eabi/lib/armv7e-m/fpu\libc.a(lib_a-callocr.o)
 .debug_frame   0x00002da4       0x2c c:/program files (x86)/gnu tools arm embedded/4.8 2014q3/bin/../lib/gcc/arm-none-eabi/4.8.4/../../../../arm-none-eabi/lib/armv7e-m/fpu\libc.a(lib_a-memmove.o)
 .debug_frame   0x00002dd0       0x2c c:/program files (x86)/gnu tools arm embedded/4.8 2014q3/bin/../lib/gcc/arm-none-eabi/4.8.4/../../../../arm-none-eabi/lib/armv7e-m/fpu\libc.a(lib_a-memset.o)
 .debug_frame   0x00002dfc       0x38 c:/program files (x86)/gnu tools arm embedded/4.8 2014q3/bin/../lib/gcc/arm-none-eabi/4.8.4/../../../../arm-none-eabi/lib/armv7e-m/fpu\libc.a(lib_a-reallocr.o)
 .debug_frame   0x00002e34       0x50 c:/program files (x86)/gnu tools arm embedded/4.8 2014q3/bin/../lib/gcc/arm-none-eabi/4.8.4/armv7e-m/fpu\libgcc.a(bpabi.o)
 .debug_frame   0x00002e84       0x34 c:/program files (x86)/gnu tools arm embedded/4.8 2014q3/bin/../lib/gcc/arm-none-eabi/4.8.4/armv7e-m/fpu\libgcc.a(_divdi3.o)
 .debug_frame   0x00002eb8       0x34 c:/program files (x86)/gnu tools arm embedded/4.8 2014q3/bin/../lib/gcc/arm-none-eabi/4.8.4/armv7e-m/fpu\libgcc.a(_udivdi3.o)
